Archive member included to satisfy reference by file (symbol)

c:/software/altera/15.1/nios2eds/bin/gnu/h-x86_64-mingw32/bin/../lib/gcc/nios2-elf/4.9.2\libgcc.a(_fixunsdfsi.o)
                              obj/default/ece423_vid_ctl/ece423_vid_ctl.o (__fixunsdfsi)
c:/software/altera/15.1/nios2eds/bin/gnu/h-x86_64-mingw32/bin/../lib/gcc/nios2-elf/4.9.2\libgcc.a(divsf3.o)
                              obj/default/ece423_sd/FatFileSystem.o (__divsf3)
c:/software/altera/15.1/nios2eds/bin/gnu/h-x86_64-mingw32/bin/../lib/gcc/nios2-elf/4.9.2\libgcc.a(mulsf3.o)
                              obj/default/ece423_sd/FatFileSystem.o (__mulsf3)
c:/software/altera/15.1/nios2eds/bin/gnu/h-x86_64-mingw32/bin/../lib/gcc/nios2-elf/4.9.2\libgcc.a(floatunsisf.o)
                              obj/default/ece423_sd/FatFileSystem.o (__floatunsisf)
c:/software/altera/15.1/nios2eds/bin/gnu/h-x86_64-mingw32/bin/../lib/gcc/nios2-elf/4.9.2\libgcc.a(adddf3.o)
                              obj/default/ece423_sd/ocsdc.o (__adddf3)
c:/software/altera/15.1/nios2eds/bin/gnu/h-x86_64-mingw32/bin/../lib/gcc/nios2-elf/4.9.2\libgcc.a(divdf3.o)
                              obj/default/ece423_sd/ocsdc.o (__divdf3)
c:/software/altera/15.1/nios2eds/bin/gnu/h-x86_64-mingw32/bin/../lib/gcc/nios2-elf/4.9.2\libgcc.a(gedf2.o)
                              c:/software/altera/15.1/nios2eds/bin/gnu/h-x86_64-mingw32/bin/../lib/gcc/nios2-elf/4.9.2\libgcc.a(_fixunsdfsi.o) (__gedf2)
c:/software/altera/15.1/nios2eds/bin/gnu/h-x86_64-mingw32/bin/../lib/gcc/nios2-elf/4.9.2\libgcc.a(muldf3.o)
                              obj/default/ece423_sd/FatFileSystem.o (__muldf3)
c:/software/altera/15.1/nios2eds/bin/gnu/h-x86_64-mingw32/bin/../lib/gcc/nios2-elf/4.9.2\libgcc.a(subdf3.o)
                              obj/default/ece423_sd/ocsdc.o (__subdf3)
c:/software/altera/15.1/nios2eds/bin/gnu/h-x86_64-mingw32/bin/../lib/gcc/nios2-elf/4.9.2\libgcc.a(fixdfsi.o)
                              obj/default/ece423_sd/ocsdc.o (__fixdfsi)
c:/software/altera/15.1/nios2eds/bin/gnu/h-x86_64-mingw32/bin/../lib/gcc/nios2-elf/4.9.2\libgcc.a(floatsidf.o)
                              obj/default/ece423_sd/ocsdc.o (__floatsidf)
c:/software/altera/15.1/nios2eds/bin/gnu/h-x86_64-mingw32/bin/../lib/gcc/nios2-elf/4.9.2\libgcc.a(floatunsidf.o)
                              obj/default/ece423_sd/ocsdc.o (__floatunsidf)
c:/software/altera/15.1/nios2eds/bin/gnu/h-x86_64-mingw32/bin/../lib/gcc/nios2-elf/4.9.2\libgcc.a(extendsfdf2.o)
                              obj/default/ece423_sd/FatFileSystem.o (__extendsfdf2)
c:/software/altera/15.1/nios2eds/bin/gnu/h-x86_64-mingw32/bin/../lib/gcc/nios2-elf/4.9.2\libgcc.a(truncdfsf2.o)
                              obj/default/ece423_sd/FatFileSystem.o (__truncdfsf2)
c:/software/altera/15.1/nios2eds/bin/gnu/h-x86_64-mingw32/bin/../lib/gcc/nios2-elf/4.9.2\libgcc.a(_clzsi2.o)
                              c:/software/altera/15.1/nios2eds/bin/gnu/h-x86_64-mingw32/bin/../lib/gcc/nios2-elf/4.9.2\libgcc.a(divsf3.o) (__clzsi2)
c:/software/altera/15.1/nios2eds/bin/gnu/h-x86_64-mingw32/bin/../lib/gcc/nios2-elf/4.9.2\libgcc.a(lib2-divmod.o)
                              c:/software/altera/15.1/nios2eds/bin/gnu/h-x86_64-mingw32/bin/../lib/gcc/nios2-elf/4.9.2\libgcc.a(divdf3.o) (__udivsi3)
c:/software/altera/15.1/nios2eds/bin/gnu/h-x86_64-mingw32/bin/../lib/gcc/nios2-elf/4.9.2\libgcc.a(_clz.o)
                              c:/software/altera/15.1/nios2eds/bin/gnu/h-x86_64-mingw32/bin/../lib/gcc/nios2-elf/4.9.2\libgcc.a(_clzsi2.o) (__clz_tab)
c:/software/altera/15.1/nios2eds/bin/gnu/h-x86_64-mingw32/bin/../lib/gcc/nios2-elf/4.9.2/../../../../../H-x86_64-mingw32/nios2-elf/lib\libc.a(lib_a-exit.o)
                              obj/default/common/util.o (exit)
c:/software/altera/15.1/nios2eds/bin/gnu/h-x86_64-mingw32/bin/../lib/gcc/nios2-elf/4.9.2/../../../../../H-x86_64-mingw32/nios2-elf/lib\libc.a(lib_a-fprintf.o)
                              obj/default/decoder/mjpeg423_decoder.o (fprintf)
c:/software/altera/15.1/nios2eds/bin/gnu/h-x86_64-mingw32/bin/../lib/gcc/nios2-elf/4.9.2/../../../../../H-x86_64-mingw32/nios2-elf/lib\libc.a(lib_a-fwrite.o)
                              obj/default/decoder/mjpeg423_decoder.o (fwrite)
c:/software/altera/15.1/nios2eds/bin/gnu/h-x86_64-mingw32/bin/../lib/gcc/nios2-elf/4.9.2/../../../../../H-x86_64-mingw32/nios2-elf/lib\libc.a(lib_a-impure.o)
                              c:/software/altera/15.1/nios2eds/bin/gnu/h-x86_64-mingw32/bin/../lib/gcc/nios2-elf/4.9.2/../../../../../H-x86_64-mingw32/nios2-elf/lib\libc.a(lib_a-exit.o) (_global_impure_ptr)
c:/software/altera/15.1/nios2eds/bin/gnu/h-x86_64-mingw32/bin/../lib/gcc/nios2-elf/4.9.2/../../../../../H-x86_64-mingw32/nios2-elf/lib\libc.a(lib_a-malign.o)
                              obj/default/decoder/mjpeg423_decoder.o (memalign)
c:/software/altera/15.1/nios2eds/bin/gnu/h-x86_64-mingw32/bin/../lib/gcc/nios2-elf/4.9.2/../../../../../H-x86_64-mingw32/nios2-elf/lib\libc.a(lib_a-malignr.o)
[...]
Memory Configuration

Name             Origin             Length             Attributes
lpddr2           0x0000000000000000 0x0000000010000000
reset            0x0000000021080000 0x0000000000000020
sram_memory      0x0000000021080020 0x000000000003ffe0
*default*        0x0000000000000000 0xffffffffffffffff

Linker script and memory map

LOAD ../lab3_cpu0_bsp//obj/HAL/src/crt0.o
LOAD obj/default/common/tables.o
LOAD obj/default/common/util.o
LOAD obj/default/decoder/idct.o
LOAD obj/default/decoder/lossless_decode.o
LOAD obj/default/decoder/mjpeg423_decoder.o
LOAD obj/default/decoder/ycbcr_to_rgb.o
LOAD obj/default/ece423_sd/FatFileSystem.o
LOAD obj/default/ece423_sd/FatInternal.o
LOAD obj/default/ece423_sd/debug.o
LOAD obj/default/ece423_sd/mmc.o
LOAD obj/default/ece423_sd/ocsdc.o
LOAD obj/default/ece423_sd/sd_lib.o
LOAD obj/default/ece423_vid_ctl/ece423_vid_ctl.o
LOAD obj/default/ece423_vid_ctl/font.o
LOAD obj/default/ece423_vid_ctl/heatshrink/heatshrink.o
LOAD obj/default/ece423_vid_ctl/heatshrink/heatshrink_decoder.o
LOAD obj/default/ece423_vid_ctl/i2c.o
LOAD obj/default/ece423_vid_ctl/uw_logo.o
LOAD obj/default/main.o
LOAD c:/software/altera/15.1/nios2eds/bin/gnu/h-x86_64-mingw32/bin/../lib/gcc/nios2-elf/4.9.2/../../../../../H-x86_64-mingw32/nios2-elf/lib\libstdc++.a
LOAD c:/software/altera/15.1/nios2eds/bin/gnu/h-x86_64-mingw32/bin/../lib/gcc/nios2-elf/4.9.2/../../../../../H-x86_64-mingw32/nios2-elf/lib\libm.a
LOAD c:/software/altera/15.1/nios2eds/bin/gnu/h-x86_64-mingw32/bin/../lib/gcc/nios2-elf/4.9.2\libgcc.a
START GROUP
LOAD c:/software/altera/15.1/nios2eds/bin/gnu/h-x86_64-mingw32/bin/../lib/gcc/nios2-elf/4.9.2/../../../../../H-x86_64-mingw32/nios2-elf/lib\libc.a
LOAD c:/software/altera/15.1/nios2eds/bin/gnu/h-x86_64-mingw32/bin/../lib/gcc/nios2-elf/4.9.2\libgcc.a
LOAD ../lab3_cpu0_bsp/\libhal_bsp.a
LOAD c:/software/altera/15.1/nios2eds/bin/gnu/h-x86_64-mingw32/bin/../lib/gcc/nios2-elf/4.9.2/../../../../../H-x86_64-mingw32/nios2-elf/lib\libm.a
END GROUP
LOAD c:/software/altera/15.1/nios2eds/bin/gnu/h-x86_64-mingw32/bin/../lib/gcc/nios2-elf/4.9.2\libgcc.a
                0x0000000000000000                __alt_mem_lpddr2 = 0x0
                0x0000000021080000                __alt_mem_sram_memory = 0x21080000

.entry          0x0000000021080000       0x20
 *(.entry)
 .entry         0x0000000021080000       0x20 ../lab3_cpu0_bsp//obj/HAL/src/crt0.o
                0x0000000021080000                __reset

.exceptions     0x0000000021080020      0x170
                0x0000000021080020                PROVIDE (__ram_exceptions_start, ABSOLUTE (.))
                0x0000000021080020                . = ALIGN (0x20)
 *(.irq)
 *(.exceptions.entry.label)
 .exceptions.entry.label
                0x0000000021080020        0x0 ../lab3_cpu0_bsp/\libhal_bsp.a(alt_irq_entry.o)
                0x0000000021080020                alt_irq_entry
 .exceptions.entry.label
                0x0000000021080020        0x0 ../lab3_cpu0_bsp/\libhal_bsp.a(alt_exception_entry.o)
                0x0000000021080020                alt_exception
 *(.exceptions.entry.user)
 *(.exceptions.entry.ecc_fatal)
 *(.exceptions.entry)
 .exceptions.entry
                0x0000000021080020       0x54 ../lab3_cpu0_bsp/\libhal_bsp.a(alt_exception_entry.o)
 *(.exceptions.irqtest.user)
 *(.exceptions.irqtest)
 .exceptions.irqtest
                0x0000000021080074       0x10 ../lab3_cpu0_bsp/\libhal_bsp.a(alt_irq_entry.o)
 *(.exceptions.irqhandler.user)
 *(.exceptions.irqhandler)
 .exceptions.irqhandler
                0x0000000021080084        0x4 ../lab3_cpu0_bsp/\libhal_bsp.a(alt_irq_entry.o)
 *(.exceptions.irqreturn.user)
 *(.exceptions.irqreturn)
 .exceptions.irqreturn
                0x0000000021080088        0x4 ../lab3_cpu0_bsp/\libhal_bsp.a(alt_irq_entry.o)
 *(.exceptions.notirq.label)
 .exceptions.notirq.label
                0x000000002108008c        0x0 ../lab3_cpu0_bsp/\libhal_bsp.a(alt_irq_entry.o)
 *(.exceptions.notirq.user)
 *(.exceptions.notirq)
 .exceptions.notirq
                0x000000002108008c        0x8 ../lab3_cpu0_bsp/\libhal_bsp.a(alt_exception_entry.o)
 *(.exceptions.soft.user)
 *(.exceptions.soft)
 *(.exceptions.unknown.user)
 *(.exceptions.unknown)
 .exceptions.unknown
                0x0000000021080094       0x14 ../lab3_cpu0_bsp/\libhal_bsp.a(alt_exception_entry.o)
 *(.exceptions.exit.label)
 .exceptions.exit.label
                0x00000000210800a8        0x0 ../lab3_cpu0_bsp/\libhal_bsp.a(alt_irq_entry.o)
 .exceptions.exit.label
                0x00000000210800a8        0x0 ../lab3_cpu0_bsp/\libhal_bsp.a(alt_exception_entry.o)
 *(.exceptions.exit.user)
 *(.exceptions.exit)
 .exceptions.exit
                0x00000000210800a8       0x54 ../lab3_cpu0_bsp/\libhal_bsp.a(alt_exception_entry.o)
 *(.exceptions)
 .exceptions    0x00000000210800fc       0x68 ../lab3_cpu0_bsp/\libhal_bsp.a(alt_irq_handler.o)
                0x00000000210800fc                alt_irq_handler
 .exceptions    0x0000000021080164       0x2c ../lab3_cpu0_bsp/\libhal_bsp.a(alt_instruction_exception_entry.o)
                0x0000000021080164                alt_instruction_exception_entry
                0x0000000021080190                PROVIDE (__ram_exceptions_end, ABSOLUTE (.))
                0x0000000021080020                PROVIDE (__flash_exceptions_start, LOADADDR (.exceptions))

.text           0x0000000021080190    0x1e188
                0x0000000021080190                PROVIDE (stext, ABSOLUTE (.))
 *(.interp)
 *(.hash)
 *(.dynsym)
 *(.dynstr)
 *(.gnu.version)
 *(.gnu.version_d)
 *(.gnu.version_r)
 *(.rel.init)
 *(.rela.init)
 *(.rel.text .rel.text.* .rel.gnu.linkonce.t.*)
 *(.rela.text .rela.text.* .rela.gnu.linkonce.t.*)
 *(.rel.fini)
 *(.rela.fini)
 *(.rel.rodata .rel.rodata.* .rel.gnu.linkonce.r.*)
 *(.rela.rodata .rela.rodata.* .rela.gnu.linkonce.r.*)
 *(.rel.data .rel.data.* .rel.gnu.linkonce.d.*)
 *(.rela.data .rela.data.* .rela.gnu.linkonce.d.*)
 *(.rel.tdata .rel.tdata.* .rel.gnu.linkonce.td.*)
 *(.rela.tdata .rela.tdata.* .rela.gnu.linkonce.td.*)
 *(.rel.tbss .rel.tbss.* .rel.gnu.linkonce.tb.*)
 *(.rela.tbss .rela.tbss.* .rela.gnu.linkonce.tb.*)
 *(.rel.ctors)
 *(.rela.ctors)
 *(.rel.dtors)
 *(.rela.dtors)
 *(.rel.got)
 *(.rela.got)
 *(.rel.sdata .rel.sdata.* .rel.gnu.linkonce.s.*)
 *(.rela.sdata .rela.sdata.* .rela.gnu.linkonce.s.*)
 *(.rel.sbss .rel.sbss.* .rel.gnu.linkonce.sb.*)
 *(.rela.sbss .rela.sbss.* .rela.gnu.linkonce.sb.*)
 *(.rel.sdata2 .rel.sdata2.* .rel.gnu.linkonce.s2.*)
 *(.rela.sdata2 .rela.sdata2.* .rela.gnu.linkonce.s2.*)
 *(.rel.sbss2 .rel.sbss2.* .rel.gnu.linkonce.sb2.*)
 *(.rela.sbss2 .rela.sbss2.* .rela.gnu.linkonce.sb2.*)
 *(.rel.bss .rel.bss.* .rel.gnu.linkonce.b.*)
 *(.rela.bss .rela.bss.* .rela.gnu.linkonce.b.*)
 *(.rel.plt)
 *(.rela.plt)
 *(.rel.dyn)
 *(.init)
 *(.plt)
 *(.text .stub .text.* .gnu.linkonce.t.*)
 .text          0x0000000021080190       0x4c ../lab3_cpu0_bsp//obj/HAL/src/crt0.o
                0x0000000021080190                _start
 .text          0x00000000210801dc        0x0 obj/default/common/tables.o
 .text          0x00000000210801dc      0x170 obj/default/common/util.o
                0x00000000210801dc                error_and_exit
                0x00000000210801fc                print_block
                0x0000000021080264                print_dct
                0x00000000210802cc                print_bitstream
 .text          0x000000002108034c      0x5d4 obj/default/decoder/idct.o
                0x000000002108034c                idct
 .text          0x0000000021080920      0x7b8 obj/default/decoder/lossless_decode.o
                0x0000000021080920                lossless_decode
                0x0000000021080f48                update_buffer
                0x0000000021081000                input_DC
                0x0000000021081068                input_AC
 .text          0x00000000210810d8      0x874 obj/default/decoder/mjpeg423_decoder.o
                0x00000000210810dc                mjpeg423_decode
 .text          0x000000002108194c      0x230 obj/default/decoder/ycbcr_to_rgb.o
                0x000000002108194c                ycbcr_to_rgb
 .text          0x0000000021081b7c     0x1090 obj/default/ece423_sd/FatFileSystem.o
                0x0000000021081b7c                Fat_Mount
                0x0000000021081be8                Fat_Unmount
                0x0000000021081bf4                Fat_Type
                0x0000000021081c20                Fat_FileBrowseBegin
                0x0000000021081c48                Fat_FileBrowseNext
                0x00000000210821e8                Fat_FileCount
                0x0000000021082244                fatSameLongFilename
                0x0000000021082274                fatComposeShortFilename
                0x0000000021082444                Fat_CheckExtension
                0x00000000210824a0                Fat_GetFileName
                0x00000000210824a8                Fat_FileExist
                0x0000000021082564                Fat_FileOpen
                0x00000000210826bc                Fat_FileSize
                0x00000000210826d4                Fat_FileRead
                0x0000000021082a28                Fat_FileSeek
                0x0000000021082aa8                Fat_FileClose
                0x0000000021082aac                Fat_SpeedTest
 .text          0x0000000021082c0c      0xda8 obj/default/ece423_sd/FatInternal.o
                0x0000000021082c0c                SD_ReadBlock512
                0x0000000021082c18                SD_ReadBlocks
                0x0000000021082c28                fat16ClusterType
                0x0000000021082c88                fat32ClusterType
                0x0000000021082cf8                fatNextCluster
                0x0000000021082e78                fatFindUnusedCluster
                0x0000000021083000                fatDelClusterList
                0x00000000210831f8                fatDumpDate
                0x00000000210831fc                fatDumpTime
                0x0000000021083200                fatIsLastDir
                0x000000002108320c                fatIsValidDir
                0x00000000210832e0                fatIsUnusedDir
                0x00000000210832ec                fatDump
                0x0000000021083314                fatArray2Value
                0x000000002108333c                fatReadFATSecter
                0x00000000210833a4                fatReadSecter
                0x000000002108340c                fatReadMultiSecter
                0x0000000021083430                fatFindDirectory
                0x00000000210834c0                fatFindUnusedDirectory
                0x00000000210835a0                fatMount
                0x0000000021083780                fatMountSdcard
 .text          0x00000000210839b4      0x11c obj/default/ece423_sd/debug.o
                0x00000000210839b4                debug_output
                0x00000000210839b8                myprintf
                0x0000000021083a04                myprintf_hexarray
                0x0000000021083a68                myprintf_dwordarray
 .text          0x0000000021083ad0     0x1314 obj/default/ece423_sd/mmc.o
                0x0000000021084668                udelay
                0x00000000210846a4                mmc_init
                0x0000000021084b0c                mmc_bread
                0x0000000021084cb8                print_mmcinfo
 .text          0x0000000021084de4      0x4d4 obj/default/ece423_sd/ocsdc.o
                0x00000000210851c0                flush_dcache_range
                0x00000000210851c8                ocsdc_mmc_init
 .text          0x00000000210852b8       0xd4 obj/default/ece423_sd/sd_lib.o
                0x00000000210852b8                SDLIB_Init
                0x0000000021085328                SDLIB_ReadBlock512
                0x0000000021085358                SDLIB_ReadBlocks
 .text          0x000000002108538c     0x3928 obj/default/ece423_vid_ctl/ece423_vid_ctl.o
                0x0000000021085598                ece423_video_display_buffer_is_available
                0x00000000210855d4                ece423_video_display_get_buffer
                0x00000000210855f4                ece423_video_display_register_written_buffer
                0x0000000021085640                ece423_video_display_switch_frames
                0x00000000210856d8                ece423_video_display_discard_buffered_frames
                0x00000000210856f8                ece423_video_display_is_empty
                0x000000002108571c                ece423_video_display_clear_screen
                0x0000000021085780                ece423_video_display_color_screen
                0x0000000021085a78                ece423_video_display_colored_screen
                0x0000000021085c1c                ece423_video_display_add_frame_number
                0x0000000021085ee0                ece423_video_display_set_video_name
                0x0000000021085ee8                ece423_video_display_draw_logo
                0x00000000210860d8                ece423_video_display_demo
                0x0000000021086c8c                ece423_video_display_add_text
                0x0000000021087188                ece423_video_display_text_frame
                0x00000000210876a4                ece423_video_display_text_on_last_frame
                0x0000000021087b30                ece423_video_display_get_descriptor_span
                0x0000000021087b40                ece423_video_display_allocate_buffers
                0x0000000021087c98                reg_read
                0x0000000021087ce0                reg_write
                0x0000000021087d2c                reg_update_bits
                0x0000000021087df0                ece423_hdmi_powerdown
                0x0000000021087e90                ece423_hdmi_kick_up
                0x0000000021087f34                ece423_hdmi_powerup
                0x000000002108818c                ece423_init_hdmi
                0x00000000210885fc                ece423_video_display_init
                0x0000000021088988                rgb2ycbcr
                0x0000000021088c1c                itoa
 .text          0x0000000021088cb4        0x0 obj/default/ece423_vid_ctl/font.o
 .text          0x0000000021088cb4      0x1bc obj/default/ece423_vid_ctl/heatshrink/heatshrink.o
                0x0000000021088cb4                decompress
 .text          0x0000000021088e70      0x924 obj/default/ece423_vid_ctl/heatshrink/heatshrink_decoder.o
                0x0000000021088e70                heatshrink_decoder_alloc
                0x0000000021088f48                heatshrink_decoder_free
                0x0000000021088f4c                heatshrink_decoder_reset
                0x0000000021088fac                heatshrink_decoder_sink
                0x0000000021089044                heatshrink_decoder_poll
                0x0000000021089760                heatshrink_decoder_finish
 .text          0x0000000021089794      0x82c obj/default/ece423_vid_ctl/i2c.o
                0x0000000021089794                I2C_Write
                0x00000000210899e8                I2C_Read
                0x0000000021089d20                i2c_start
                0x0000000021089d8c                i2c_stop
                0x0000000021089dd4                i2c_write
                0x0000000021089eb8                i2c_read
 .text          0x0000000021089fc0        0x0 obj/default/ece423_vid_ctl/uw_logo.o
 .text          0x0000000021089fc0      0x124 obj/default/main.o
 .text.startup  0x000000002108a0e4      0x23c obj/default/main.o
                0x000000002108a0e4                main
 .text          0x000000002108a320       0x74 c:/software/altera/15.1/nios2eds/bin/gnu/h-x86_64-mingw32/bin/../lib/gcc/nios2-elf/4.9.2\libgcc.a(_fixunsdfsi.o)
                0x000000002108a320                __fixunsdfsi
 .text          0x000000002108a394      0x450 c:/software/altera/15.1/nios2eds/bin/gnu/h-x86_64-mingw32/bin/../lib/gcc/nios2-elf/4.9.2\libgcc.a(divsf3.o)
                0x000000002108a394                __divsf3
 .text          0x000000002108a7e4      0x424 c:/software/altera/15.1/nios2eds/bin/gnu/h-x86_64-mingw32/bin/../lib/gcc/nios2-elf/4.9.2\libgcc.a(mulsf3.o)
                0x000000002108a7e4                __mulsf3
 .text          0x000000002108ac08      0x110 c:/software/altera/15.1/nios2eds/bin/gnu/h-x86_64-mingw32/bin/../lib/gcc/nios2-elf/4.9.2\libgcc.a(floatunsisf.o)
                0x000000002108ac08                __floatunsisf
 .text          0x000000002108ad18      0x89c c:/software/altera/15.1/nios2eds/bin/gnu/h-x86_64-mingw32/bin/../lib/gcc/nios2-elf/4.9.2\libgcc.a(adddf3.o)
                0x000000002108ad18                __adddf3
 .text          0x000000002108b5b4      0x8cc c:/software/altera/15.1/nios2eds/bin/gnu/h-x86_64-mingw32/bin/../lib/gcc/nios2-elf/4.9.2\libgcc.a(divdf3.o)
                0x000000002108b5b4                __divdf3
 .text          0x000000002108be80       0xe0 c:/software/altera/15.1/nios2eds/bin/gnu/h-x86_64-mingw32/bin/../lib/gcc/nios2-elf/4.9.2\libgcc.a(gedf2.o)
                0x000000002108be80                __gedf2
                0x000000002108be80                __gtdf2
 .text          0x000000002108bf60      0x724 c:/software/altera/15.1/nios2eds/bin/gnu/h-x86_64-mingw32/bin/../lib/gcc/nios2-elf/4.9.2\libgcc.a(muldf3.o)
                0x000000002108bf60                __muldf3
 .text          0x000000002108c684      0x8d0 c:/software/altera/15.1/nios2eds/bin/gnu/h-x86_64-mingw32/bin/../lib/gcc/nios2-elf/4.9.2\libgcc.a(subdf3.o)
                0x000000002108c684                __subdf3
 .text          0x000000002108cf54       0x88 c:/software/altera/15.1/nios2eds/bin/gnu/h-x86_64-mingw32/bin/../lib/gcc/nios2-elf/4.9.2\libgcc.a(fixdfsi.o)
                0x000000002108cf54                __fixdfsi
 .text          0x000000002108cfdc       0xd0 c:/software/altera/15.1/nios2eds/bin/gnu/h-x86_64-mingw32/bin/../lib/gcc/nios2-elf/4.9.2\libgcc.a(floatsidf.o)
                0x000000002108cfdc                __floatsidf
 .text          0x000000002108d0ac       0xa4 c:/software/altera/15.1/nios2eds/bin/gnu/h-x86_64-mingw32/bin/../lib/gcc/nios2-elf/4.9.2\libgcc.a(floatunsidf.o)
                0x000000002108d0ac                __floatunsidf
 .text          0x000000002108d150      0x110 c:/software/altera/15.1/nios2eds/bin/gnu/h-x86_64-mingw32/bin/../lib/gcc/nios2-elf/4.9.2\libgcc.a(extendsfdf2.o)
                0x000000002108d150                __extendsfdf2
 .text          0x000000002108d260      0x198 c:/software/altera/15.1/nios2eds/bin/gnu/h-x86_64-mingw32/bin/../lib/gcc/nios2-elf/4.9.2\libgcc.a(truncdfsf2.o)
                0x000000002108d260                __truncdfsf2
 .text          0x000000002108d3f8       0x64 c:/software/altera/15.1/nios2eds/bin/gnu/h-x86_64-mingw32/bin/../lib/gcc/nios2-elf/4.9.2\libgcc.a(_clzsi2.o)
                0x000000002108d3f8                __clzsi2
 .text          0x000000002108d45c      0x12c c:/software/altera/15.1/nios2eds/bin/gnu/h-x86_64-mingw32/bin/../lib/gcc/nios2-elf/4.9.2\libgcc.a(lib2-divmod.o)
                0x000000002108d4c8                __divsi3
                0x000000002108d51c                __modsi3
                0x000000002108d578                __udivsi3
                0x000000002108d580                __umodsi3
 .text          0x000000002108d588        0x0 c:/software/altera/15.1/nios2eds/bin/gnu/h-x86_64-mingw32/bin/../lib/gcc/nios2-elf/4.9.2\libgcc.a(_clz.o)
 .text          0x000000002108d588        0x0 c:/software/altera/15.1/nios2eds/bin/gnu/h-x86_64-mingw32/bin/../lib/gcc/nios2-elf/4.9.2/../../../../../H-x86_64-mingw32/nios2-elf/lib\libc.a(lib_a-exit.o)
 .text.exit     0x000000002108d588       0x38 c:/software/altera/15.1/nios2eds/bin/gnu/h-x86_64-mingw32/bin/../lib/gcc/nios2-elf/4.9.2/../../../../../H-x86_64-mingw32/nios2-elf/lib\libc.a(lib_a-exit.o)
                0x000000002108d588                exit
 .text          0x000000002108d5c0        0x0 c:/software/altera/15.1/nios2eds/bin/gnu/h-x86_64-mingw32/bin/../lib/gcc/nios2-elf/4.9.2/../../../../../H-x86_64-mingw32/nios2-elf/lib\libc.a(lib_a-fprintf.o)
 .text._fprintf_r
                0x000000002108d5c0       0x28 c:/software/altera/15.1/nios2eds/bin/gnu/h-x86_64-mingw32/bin/../lib/gcc/nios2-elf/4.9.2/../../../../../H-x86_64-mingw32/nios2-elf/lib\libc.a(lib_a-fprintf.o)
                0x000000002108d5c0                _fprintf_r
 .text.fprintf  0x000000002108d5e8       0x24 c:/software/altera/15.1/nios2eds/bin/gnu/h-x86_64-mingw32/bin/../lib/gcc/nios2-elf/4.9.2/../../../../../H-x86_64-mingw32/nios2-elf/lib\libc.a(lib_a-fprintf.o)
                0x000000002108d5e8                fprintf
 .text          0x000000002108d60c        0x0 c:/software/altera/15.1/nios2eds/bin/gnu/h-x86_64-mingw32/bin/../lib/gcc/nios2-elf/4.9.2/../../../../../H-x86_64-mingw32/nios2-elf/lib\libc.a(lib_a-fwrite.o)
 .text._fwrite_r
                0x000000002108d60c       0xcc c:/software/altera/15.1/nios2eds/bin/gnu/h-x86_64-mingw32/bin/../lib/gcc/nios2-elf/4.9.2/../../../../../H-x86_64-mingw32/nios2-elf/lib\libc.a(lib_a-fwrite.o)
                0x000000002108d60c                _fwrite_r
 .text.fwrite   0x000000002108d6d8       0x40 c:/software/altera/15.1/nios2eds/bin/gnu/h-x86_64-mingw32/bin/../lib/gcc/nios2-elf/4.9.2/../../../../../H-x86_64-mingw32/nios2-elf/lib\libc.a(lib_a-fwrite.o)
                0x000000002108d6d8                fwrite
 .text          0x000000002108d718        0x0 c:/software/altera/15.1/nios2eds/bin/gnu/h-x86_64-mingw32/bin/../lib/gcc/nios2-elf/4.9.2/../../../../../H-x86_64-mingw32/nios2-elf/lib\libc.a(lib_a-impure.o)
 .text          0x000000002108d718        0x0 c:/software/altera/15.1/nios2eds/bin/gnu/h-x86_64-mingw32/bin/../lib/gcc/nios2-elf/4.9.2/../../../../../H-x86_64-mingw32/nios2-elf/lib\libc.a(lib_a-malign.o)
 .text.memalign
                0x000000002108d718       0x1c c:/software/altera/15.1/nios2eds/bin/gnu/h-x86_64-mingw32/bin/../lib/gcc/nios2-elf/4.9.2/../../../../../H-x86_64-mingw32/nios2-elf/lib\libc.a(lib_a-malign.o)
                0x000000002108d718                memalign
 .text          0x000000002108d734        0x0 c:/software/altera/15.1/nios2eds/bin/gnu/h-x86_64-mingw32/bin/../lib/gcc/nios2-elf/4.9.2/../../../../../H-x86_64-mingw32/nios2-elf/lib\libc.a(lib_a-malignr.o)
 .text._memalign_r
                0x000000002108d734      0x1b4 c:/software/altera/15.1/nios2eds/bin/gnu/h-x86_64-mingw32/bin/../lib/gcc/nios2-elf/4.9.2/../../../../../H-x86_64-mingw32/nios2-elf/lib\libc.a(lib_a-malignr.o)
                0x000000002108d734                _memalign_r
 .text          0x000000002108d8e8        0x0 c:/software/altera/15.1/nios2eds/bin/gnu/h-x86_64-mingw32/bin/../lib/gcc/nios2-elf/4.9.2/../../../../../H-x86_64-mingw32/nios2-elf/lib\libc.a(lib_a-malloc.o)
 .text.malloc   0x000000002108d8e8       0x14 c:/software/altera/15.1/nios2eds/bin/gnu/h-x86_64-mingw32/bin/../lib/gcc/nios2-elf/4.9.2/../../../../../H-x86_64-mingw32/nios2-elf/lib\libc.a(lib_a-malloc.o)
                0x000000002108d8e8                malloc
 .text.free     0x000000002108d8fc       0x14 c:/software/altera/15.1/nios2eds/bin/gnu/h-x86_64-mingw32/bin/../lib/gcc/nios2-elf/4.9.2/../../../../../H-x86_64-mingw32/nios2-elf/lib\libc.a(lib_a-malloc.o)
                0x000000002108d8fc                free
 .text          0x000000002108d910        0x0 c:/software/altera/15.1/nios2eds/bin/gnu/h-x86_64-mingw32/bin/../lib/gcc/nios2-elf/4.9.2/../../../../../H-x86_64-mingw32/nios2-elf/lib\libc.a(lib_a-mallocr.o)
 .text._malloc_r
                0x000000002108d910      0x7a8 c:/software/altera/15.1/nios2eds/bin/gnu/h-x86_64-mingw32/bin/../lib/gcc/nios2-elf/4.9.2/../../../../../H-x86_64-mingw32/nios2-elf/lib\libc.a(lib_a-mallocr.o)
                0x000000002108d910                _malloc_r
 .text          0x000000002108e0b8        0x0 c:/software/altera/15.1/nios2eds/bin/gnu/h-x86_64-mingw32/bin/../lib/gcc/nios2-elf/4.9.2/../../../../../H-x86_64-mingw32/nios2-elf/lib\libc.a(lib_a-memcmp.o)
 .text.memcmp   0x000000002108e0b8       0x7c c:/software/altera/15.1/nios2eds/bin/gnu/h-x86_64-mingw32/bin/../lib/gcc/nios2-elf/4.9.2/../../../../../H-x86_64-mingw32/nios2-elf/lib\libc.a(lib_a-memcmp.o)
                0x000000002108e0b8                memcmp
 .text          0x000000002108e134        0x0 c:/software/altera/15.1/nios2eds/bin/gnu/h-x86_64-mingw32/bin/../lib/gcc/nios2-elf/4.9.2/../../../../../H-x86_64-mingw32/nios2-elf/lib\libc.a(lib_a-memcpy.o)
 .text.memcpy   0x000000002108e134      0x138 c:/software/altera/15.1/nios2eds/bin/gnu/h-x86_64-mingw32/bin/../lib/gcc/nios2-elf/4.9.2/../../../../../H-x86_64-mingw32/nios2-elf/lib\libc.a(lib_a-memcpy.o)
                0x000000002108e134                memcpy
 .text          0x000000002108e26c        0x0 c:/software/altera/15.1/nios2eds/bin/gnu/h-x86_64-mingw32/bin/../lib/gcc/nios2-elf/4.9.2/../../../../../H-x86_64-mingw32/nios2-elf/lib\libc.a(lib_a-memset.o)
 .text.memset   0x000000002108e26c      0x124 c:/software/altera/15.1/nios2eds/bin/gnu/h-x86_64-mingw32/bin/../lib/gcc/nios2-elf/4.9.2/../../../../../H-x86_64-mingw32/nios2-elf/lib\libc.a(lib_a-memset.o)
                0x000000002108e26c                memset
 .text          0x000000002108e390        0x0 c:/software/altera/15.1/nios2eds/bin/gnu/h-x86_64-mingw32/bin/../lib/gcc/nios2-elf/4.9.2/../../../../../H-x86_64-mingw32/nios2-elf/lib\libc.a(lib_a-printf.o)
 .text._printf_r
                0x000000002108e390       0x2c c:/software/altera/15.1/nios2eds/bin/gnu/h-x86_64-mingw32/bin/../lib/gcc/nios2-elf/4.9.2/../../../../../H-x86_64-mingw32/nios2-elf/lib\libc.a(lib_a-printf.o)
                0x000000002108e390                _printf_r
 .text.printf   0x000000002108e3bc       0x3c c:/software/altera/15.1/nios2eds/bin/gnu/h-x86_64-mingw32/bin/../lib/gcc/nios2-elf/4.9.2/../../../../../H-x86_64-mingw32/nios2-elf/lib\libc.a(lib_a-printf.o)
                0x000000002108e3bc                printf
 .text          0x000000002108e3f8        0x0 c:/software/altera/15.1/nios2eds/bin/gnu/h-x86_64-mingw32/bin/../lib/gcc/nios2-elf/4.9.2/../../../../../H-x86_64-mingw32/nios2-elf/lib\libc.a(lib_a-putchar.o)
 .text._putchar_r
                0x000000002108e3f8        0x8 c:/software/altera/15.1/nios2eds/bin/gnu/h-x86_64-mingw32/bin/../lib/gcc/nios2-elf/4.9.2/../../../../../H-x86_64-mingw32/nios2-elf/lib\libc.a(lib_a-putchar.o)
                0x000000002108e3f8                _putchar_r
 .text.putchar  0x000000002108e400       0x18 c:/software/altera/15.1/nios2eds/bin/gnu/h-x86_64-mingw32/bin/../lib/gcc/nios2-elf/4.9.2/../../../../../H-x86_64-mingw32/nios2-elf/lib\libc.a(lib_a-putchar.o)
                0x000000002108e400                putchar
 .text          0x000000002108e418        0x0 c:/software/altera/15.1/nios2eds/bin/gnu/h-x86_64-mingw32/bin/../lib/gcc/nios2-elf/4.9.2/../../../../../H-x86_64-mingw32/nios2-elf/lib\libc.a(lib_a-puts.o)
 .text._puts_r  0x000000002108e418       0xa8 c:/software/altera/15.1/nios2eds/bin/gnu/h-x86_64-mingw32/bin/../lib/gcc/nios2-elf/4.9.2/../../../../../H-x86_64-mingw32/nios2-elf/lib\libc.a(lib_a-puts.o)
                0x000000002108e418                _puts_r
 .text.puts     0x000000002108e4c0       0x14 c:/software/altera/15.1/nios2eds/bin/gnu/h-x86_64-mingw32/bin/../lib/gcc/nios2-elf/4.9.2/../../../../../H-x86_64-mingw32/nios2-elf/lib\libc.a(lib_a-puts.o)
                0x000000002108e4c0                puts
 .text          0x000000002108e4d4        0x0 c:/software/altera/15.1/nios2eds/bin/gnu/h-x86_64-mingw32/bin/../lib/gcc/nios2-elf/4.9.2/../../../../../H-x86_64-mingw32/nios2-elf/lib\libc.a(lib_a-sbrkr.o)
 .text._sbrk_r  0x000000002108e4d4       0x54 c:/software/altera/15.1/nios2eds/bin/gnu/h-x86_64-mingw32/bin/../lib/gcc/nios2-elf/4.9.2/../../../../../H-x86_64-mingw32/nios2-elf/lib\libc.a(lib_a-sbrkr.o)
                0x000000002108e4d4                _sbrk_r
 .text          0x000000002108e528        0x0 c:/software/altera/15.1/nios2eds/bin/gnu/h-x86_64-mingw32/bin/../lib/gcc/nios2-elf/4.9.2/../../../../../H-x86_64-mingw32/nios2-elf/lib\libc.a(lib_a-sprintf.o)
 .text._sprintf_r
                0x000000002108e528       0x58 c:/software/altera/15.1/nios2eds/bin/gnu/h-x86_64-mingw32/bin/../lib/gcc/nios2-elf/4.9.2/../../../../../H-x86_64-mingw32/nios2-elf/lib\libc.a(lib_a-sprintf.o)
                0x000000002108e528                _sprintf_r
 .text.sprintf  0x000000002108e580       0x6c c:/software/altera/15.1/nios2eds/bin/gnu/h-x86_64-mingw32/bin/../lib/gcc/nios2-elf/4.9.2/../../../../../H-x86_64-mingw32/nios2-elf/lib\libc.a(lib_a-sprintf.o)
                0x000000002108e580                sprintf
 .text          0x000000002108e5ec        0x0 c:/software/altera/15.1/nios2eds/bin/gnu/h-x86_64-mingw32/bin/../lib/gcc/nios2-elf/4.9.2/../../../../../H-x86_64-mingw32/nios2-elf/lib\libc.a(lib_a-strcmp.o)
 .text.strcmp   0x000000002108e5ec       0xa4 c:/software/altera/15.1/nios2eds/bin/gnu/h-x86_64-mingw32/bin/../lib/gcc/nios2-elf/4.9.2/../../../../../H-x86_64-mingw32/nios2-elf/lib\libc.a(lib_a-strcmp.o)
                0x000000002108e5ec                strcmp
 .text          0x000000002108e690        0x0 c:/software/altera/15.1/nios2eds/bin/gnu/h-x86_64-mingw32/bin/../lib/gcc/nios2-elf/4.9.2/../../../../../H-x86_64-mingw32/nios2-elf/lib\libc.a(lib_a-strcpy.o)
 .text.strcpy   0x000000002108e690       0x90 c:/software/altera/15.1/nios2eds/bin/gnu/h-x86_64-mingw32/bin/../lib/gcc/nios2-elf/4.9.2/../../../../../H-x86_64-mingw32/nios2-elf/lib\libc.a(lib_a-strcpy.o)
                0x000000002108e690                strcpy
 .text          0x000000002108e720        0x0 c:/software/altera/15.1/nios2eds/bin/gnu/h-x86_64-mingw32/bin/../lib/gcc/nios2-elf/4.9.2/../../../../../H-x86_64-mingw32/nios2-elf/lib\libc.a(lib_a-strlen.o)
 .text.strlen   0x000000002108e720       0x98 c:/software/altera/15.1/nios2eds/bin/gnu/h-x86_64-mingw32/bin/../lib/gcc/nios2-elf/4.9.2/../../../../../H-x86_64-mingw32/nios2-elf/lib\libc.a(lib_a-strlen.o)
                0x000000002108e720                strlen
 .text          0x000000002108e7b8        0x0 c:/software/altera/15.1/nios2eds/bin/gnu/h-x86_64-mingw32/bin/../lib/gcc/nios2-elf/4.9.2/../../../../../H-x86_64-mingw32/nios2-elf/lib\libc.a(lib_a-strrchr.o)
 .text.strrchr  0x000000002108e7b8       0x68 c:/software/altera/15.1/nios2eds/bin/gnu/h-x86_64-mingw32/bin/../lib/gcc/nios2-elf/4.9.2/../../../../../H-x86_64-mingw32/nios2-elf/lib\libc.a(lib_a-strrchr.o)
                0x000000002108e7b8                strrchr
 .text          0x000000002108e820        0x0 c:/software/altera/15.1/nios2eds/bin/gnu/h-x86_64-mingw32/bin/../lib/gcc/nios2-elf/4.9.2/../../../../../H-x86_64-mingw32/nios2-elf/lib\libc.a(lib_a-svfprintf.o)
 .text.___svfprintf_internal_r
                0x000000002108e820     0x1f90 c:/software/altera/15.1/nios2eds/bin/gnu/h-x86_64-mingw32/bin/../lib/gcc/nios2-elf/4.9.2/../../../../../H-x86_64-mingw32/nios2-elf/lib\libc.a(lib_a-svfprintf.o)
                0x000000002108e820                ___svfprintf_internal_r
 .text          0x00000000210907b0        0x0 c:/software/altera/15.1/nios2eds/bin/gnu/h-x86_64-mingw32/bin/../lib/gcc/nios2-elf/4.9.2/../../../../../H-x86_64-mingw32/nios2-elf/lib\libc.a(lib_a-vfprintf.o)
 .text.___vfprintf_internal_r
                0x00000000210907b0     0x1f50 c:/software/altera/15.1/nios2eds/bin/gnu/h-x86_64-mingw32/bin/../lib/gcc/nios2-elf/4.9.2/../../../../../H-x86_64-mingw32/nios2-elf/lib\libc.a(lib_a-vfprintf.o)
                0x00000000210907b0                ___vfprintf_internal_r
 .text.__vfprintf_internal
                0x0000000021092700       0x24 c:/software/altera/15.1/nios2eds/bin/gnu/h-x86_64-mingw32/bin/../lib/gcc/nios2-elf/4.9.2/../../../../../H-x86_64-mingw32/nios2-elf/lib\libc.a(lib_a-vfprintf.o)
                0x0000000021092700                __vfprintf_internal
 .text.__sbprintf
                0x0000000021092724       0xbc c:/software/altera/15.1/nios2eds/bin/gnu/h-x86_64-mingw32/bin/../lib/gcc/nios2-elf/4.9.2/../../../../../H-x86_64-mingw32/nios2-elf/lib\libc.a(lib_a-vfprintf.o)
 .text          0x00000000210927e0        0x0 c:/software/altera/15.1/nios2eds/bin/gnu/h-x86_64-mingw32/bin/../lib/gcc/nios2-elf/4.9.2/../../../../../H-x86_64-mingw32/nios2-elf/lib\libc.a(lib_a-vsnprintf.o)
 .text._vsnprintf_r
                0x00000000210927e0       0xf0 c:/software/altera/15.1/nios2eds/bin/gnu/h-x86_64-mingw32/bin/../lib/gcc/nios2-elf/4.9.2/../../../../../H-x86_64-mingw32/nios2-elf/lib\libc.a(lib_a-vsnprintf.o)
                0x00000000210927e0                _vsnprintf_r
 .text.vsnprintf
                0x00000000210928d0       0x40 c:/software/altera/15.1/nios2eds/bin/gnu/h-x86_64-mingw32/bin/../lib/gcc/nios2-elf/4.9.2/../../../../../H-x86_64-mingw32/nios2-elf/lib\libc.a(lib_a-vsnprintf.o)
                0x00000000210928d0                vsnprintf
 .text          0x0000000021092910        0x0 c:/software/altera/15.1/nios2eds/bin/gnu/h-x86_64-mingw32/bin/../lib/gcc/nios2-elf/4.9.2/../../../../../H-x86_64-mingw32/nios2-elf/lib\libc.a(lib_a-wsetup.o)
 .text.__swsetup_r
                0x0000000021092910      0x154 c:/software/altera/15.1/nios2eds/bin/gnu/h-x86_64-mingw32/bin/../lib/gcc/nios2-elf/4.9.2/../../../../../H-x86_64-mingw32/nios2-elf/lib\libc.a(lib_a-wsetup.o)
                0x0000000021092910                __swsetup_r
 .text          0x0000000021092a64        0x0 c:/software/altera/15.1/nios2eds/bin/gnu/h-x86_64-mingw32/bin/../lib/gcc/nios2-elf/4.9.2/../../../../../H-x86_64-mingw32/nios2-elf/lib\libc.a(lib_a-__call_atexit.o)
 .text.__call_exitprocs
                0x0000000021092a64      0x194 c:/software/altera/15.1/nios2eds/bin/gnu/h-x86_64-mingw32/bin/../lib/gcc/nios2-elf/4.9.2/../../../../../H-x86_64-mingw32/nios2-elf/lib\libc.a(lib_a-__call_atexit.o)
                0x0000000021092a64                __call_exitprocs
 .text          0x0000000021092bf8        0x0 c:/software/altera/15.1/nios2eds/bin/gnu/h-x86_64-mingw32/bin/../lib/gcc/nios2-elf/4.9.2/../../../../../H-x86_64-mingw32/nios2-elf/lib\libc.a(lib_a-dtoa.o)
 .text.quorem   0x0000000021092bf8      0x200 c:/software/altera/15.1/nios2eds/bin/gnu/h-x86_64-mingw32/bin/../lib/gcc/nios2-elf/4.9.2/../../../../../H-x86_64-mingw32/nios2-elf/lib\libc.a(lib_a-dtoa.o)
 .text._dtoa_r  0x0000000021092df8     0x1728 c:/software/altera/15.1/nios2eds/bin/gnu/h-x86_64-mingw32/bin/../lib/gcc/nios2-elf/4.9.2/../../../../../H-x86_64-mingw32/nios2-elf/lib\libc.a(lib_a-dtoa.o)
                0x0000000021092df8                _dtoa_r
 .text          0x0000000021094520        0x0 c:/software/altera/15.1/nios2eds/bin/gnu/h-x86_64-mingw32/bin/../lib/gcc/nios2-elf/4.9.2/../../../../../H-x86_64-mingw32/nios2-elf/lib\libc.a(lib_a-fflush.o)
 .text.__sflush_r
                0x0000000021094520      0x208 c:/software/altera/15.1/nios2eds/bin/gnu/h-x86_64-mingw32/bin/../lib/gcc/nios2-elf/4.9.2/../../../../../H-x86_64-mingw32/nios2-elf/lib\libc.a(lib_a-fflush.o)
                0x0000000021094520                __sflush_r
 .text._fflush_r
                0x0000000021094728       0x5c c:/software/altera/15.1/nios2eds/bin/gnu/h-x86_64-mingw32/bin/../lib/gcc/nios2-elf/4.9.2/../../../../../H-x86_64-mingw32/nios2-elf/lib\libc.a(lib_a-fflush.o)
                0x0000000021094728                _fflush_r
 .text.fflush   0x0000000021094784       0x30 c:/software/altera/15.1/nios2eds/bin/gnu/h-x86_64-mingw32/bin/../lib/gcc/nios2-elf/4.9.2/../../../../../H-x86_64-mingw32/nios2-elf/lib\libc.a(lib_a-fflush.o)
                0x0000000021094784                fflush
 .text          0x00000000210947b4        0x0 c:/software/altera/15.1/nios2eds/bin/gnu/h-x86_64-mingw32/bin/../lib/gcc/nios2-elf/4.9.2/../../../../../H-x86_64-mingw32/nios2-elf/lib\libc.a(lib_a-findfp.o)
 .text.__fp_lock
                0x00000000210947b4        0x8 c:/software/altera/15.1/nios2eds/bin/gnu/h-x86_64-mingw32/bin/../lib/gcc/nios2-elf/4.9.2/../../../../../H-x86_64-mingw32/nios2-elf/lib\libc.a(lib_a-findfp.o)
 .text.__fp_unlock
                0x00000000210947bc        0x8 c:/software/altera/15.1/nios2eds/bin/gnu/h-x86_64-mingw32/bin/../lib/gcc/nios2-elf/4.9.2/../../../../../H-x86_64-mingw32/nios2-elf/lib\libc.a(lib_a-findfp.o)
 .text._cleanup_r
                0x00000000210947c4        0xc c:/software/altera/15.1/nios2eds/bin/gnu/h-x86_64-mingw32/bin/../lib/gcc/nios2-elf/4.9.2/../../../../../H-x86_64-mingw32/nios2-elf/lib\libc.a(lib_a-findfp.o)
                0x00000000210947c4                _cleanup_r
 .text.__sinit.part.1
                0x00000000210947d0      0x19c c:/software/altera/15.1/nios2eds/bin/gnu/h-x86_64-mingw32/bin/../lib/gcc/nios2-elf/4.9.2/../../../../../H-x86_64-mingw32/nios2-elf/lib\libc.a(lib_a-findfp.o)
 .text.__sfmoreglue
                0x000000002109496c       0x68 c:/software/altera/15.1/nios2eds/bin/gnu/h-x86_64-mingw32/bin/../lib/gcc/nios2-elf/4.9.2/../../../../../H-x86_64-mingw32/nios2-elf/lib\libc.a(lib_a-findfp.o)
                0x000000002109496c                __sfmoreglue
 .text.__sfp    0x00000000210949d4      0x118 c:/software/altera/15.1/nios2eds/bin/gnu/h-x86_64-mingw32/bin/../lib/gcc/nios2-elf/4.9.2/../../../../../H-x86_64-mingw32/nios2-elf/lib\libc.a(lib_a-findfp.o)
                0x00000000210949d4                __sfp
 .text._cleanup
                0x0000000021094aec       0x18 c:/software/altera/15.1/nios2eds/bin/gnu/h-x86_64-mingw32/bin/../lib/gcc/nios2-elf/4.9.2/../../../../../H-x86_64-mingw32/nios2-elf/lib\libc.a(lib_a-findfp.o)
                0x0000000021094aec                _cleanup
 .text.__sinit  0x0000000021094b04       0x10 c:/software/altera/15.1/nios2eds/bin/gnu/h-x86_64-mingw32/bin/../lib/gcc/nios2-elf/4.9.2/../../../../../H-x86_64-mingw32/nios2-elf/lib\libc.a(lib_a-findfp.o)
                0x0000000021094b04                __sinit
 .text.__sfp_lock_acquire
                0x0000000021094b14        0x4 c:/software/altera/15.1/nios2eds/bin/gnu/h-x86_64-mingw32/bin/../lib/gcc/nios2-elf/4.9.2/../../../../../H-x86_64-mingw32/nios2-elf/lib\libc.a(lib_a-findfp.o)
                0x0000000021094b14                __sfp_lock_acquire
 .text.__sfp_lock_release
                0x0000000021094b18        0x4 c:/software/altera/15.1/nios2eds/bin/gnu/h-x86_64-mingw32/bin/../lib/gcc/nios2-elf/4.9.2/../../../../../H-x86_64-mingw32/nios2-elf/lib\libc.a(lib_a-findfp.o)
                0x0000000021094b18                __sfp_lock_release
 .text.__sinit_lock_acquire
                0x0000000021094b1c        0x4 c:/software/altera/15.1/nios2eds/bin/gnu/h-x86_64-mingw32/bin/../lib/gcc/nios2-elf/4.9.2/../../../../../H-x86_64-mingw32/nios2-elf/lib\libc.a(lib_a-findfp.o)
                0x0000000021094b1c                __sinit_lock_acquire
 .text.__sinit_lock_release
                0x0000000021094b20        0x4 c:/software/altera/15.1/nios2eds/bin/gnu/h-x86_64-mingw32/bin/../lib/gcc/nios2-elf/4.9.2/../../../../../H-x86_64-mingw32/nios2-elf/lib\libc.a(lib_a-findfp.o)
                0x0000000021094b20                __sinit_lock_release
 .text.__fp_lock_all
                0x0000000021094b24       0x18 c:/software/altera/15.1/nios2eds/bin/gnu/h-x86_64-mingw32/bin/../lib/gcc/nios2-elf/4.9.2/../../../../../H-x86_64-mingw32/nios2-elf/lib\libc.a(lib_a-findfp.o)
                0x0000000021094b24                __fp_lock_all
 .text.__fp_unlock_all
                0x0000000021094b3c       0x18 c:/software/altera/15.1/nios2eds/bin/gnu/h-x86_64-mingw32/bin/../lib/gcc/nios2-elf/4.9.2/../../../../../H-x86_64-mingw32/nios2-elf/lib\libc.a(lib_a-findfp.o)
                0x0000000021094b3c                __fp_unlock_all
 .text          0x0000000021094b54        0x0 c:/software/altera/15.1/nios2eds/bin/gnu/h-x86_64-mingw32/bin/../lib/gcc/nios2-elf/4.9.2/../../../../../H-x86_64-mingw32/nios2-elf/lib\libc.a(lib_a-freer.o)
 .text._malloc_trim_r
                0x0000000021094b54      0x124 c:/software/altera/15.1/nios2eds/bin/gnu/h-x86_64-mingw32/bin/../lib/gcc/nios2-elf/4.9.2/../../../../../H-x86_64-mingw32/nios2-elf/lib\libc.a(lib_a-freer.o)
                0x0000000021094b54                _malloc_trim_r
 .text._free_r  0x0000000021094c78      0x2f0 c:/software/altera/15.1/nios2eds/bin/gnu/h-x86_64-mingw32/bin/../lib/gcc/nios2-elf/4.9.2/../../../../../H-x86_64-mingw32/nios2-elf/lib\libc.a(lib_a-freer.o)
                0x0000000021094c78                _free_r
 .text          0x0000000021094f68        0x0 c:/software/altera/15.1/nios2eds/bin/gnu/h-x86_64-mingw32/bin/../lib/gcc/nios2-elf/4.9.2/../../../../../H-x86_64-mingw32/nios2-elf/lib\libc.a(lib_a-fvwrite.o)
 .text.__sfvwrite_r
                0x0000000021094f68      0x4c0 c:/software/altera/15.1/nios2eds/bin/gnu/h-x86_64-mingw32/bin/../lib/gcc/nios2-elf/4.9.2/../../../../../H-x86_64-mingw32/nios2-elf/lib\libc.a(lib_a-fvwrite.o)
                0x0000000021094f68                __sfvwrite_r
 .text          0x0000000021095428        0x0 c:/software/altera/15.1/nios2eds/bin/gnu/h-x86_64-mingw32/bin/../lib/gcc/nios2-elf/4.9.2/../../../../../H-x86_64-mingw32/nios2-elf/lib\libc.a(lib_a-fwalk.o)
 .text._fwalk   0x0000000021095428       0xc4 c:/software/altera/15.1/nios2eds/bin/gnu/h-x86_64-mingw32/bin/../lib/gcc/nios2-elf/4.9.2/../../../../../H-x86_64-mingw32/nios2-elf/lib\libc.a(lib_a-fwalk.o)
                0x0000000021095428                _fwalk
 .text._fwalk_reent
                0x00000000210954ec       0xc4 c:/software/altera/15.1/nios2eds/bin/gnu/h-x86_64-mingw32/bin/../lib/gcc/nios2-elf/4.9.2/../../../../../H-x86_64-mingw32/nios2-elf/lib\libc.a(lib_a-fwalk.o)
                0x00000000210954ec                _fwalk_reent
 .text          0x00000000210955b0        0x0 c:/software/altera/15.1/nios2eds/bin/gnu/h-x86_64-mingw32/bin/../lib/gcc/nios2-elf/4.9.2/../../../../../H-x86_64-mingw32/nios2-elf/lib\libc.a(lib_a-int_errno.o)
 .text          0x00000000210955b0        0x0 c:/software/altera/15.1/nios2eds/bin/gnu/h-x86_64-mingw32/bin/../lib/gcc/nios2-elf/4.9.2/../../../../../H-x86_64-mingw32/nios2-elf/lib\libc.a(lib_a-locale.o)
 .text._setlocale_r
                0x00000000210955b0       0x7c c:/software/altera/15.1/nios2eds/bin/gnu/h-x86_64-mingw32/bin/../lib/gcc/nios2-elf/4.9.2/../../../../../H-x86_64-mingw32/nios2-elf/lib\libc.a(lib_a-locale.o)
                0x00000000210955b0                _setlocale_r
 .text.__locale_charset
                0x000000002109562c        0xc c:/software/altera/15.1/nios2eds/bin/gnu/h-x86_64-mingw32/bin/../lib/gcc/nios2-elf/4.9.2/../../../../../H-x86_64-mingw32/nios2-elf/lib\libc.a(lib_a-locale.o)
                0x000000002109562c                __locale_charset
 .text.__locale_mb_cur_max
                0x0000000021095638       0x10 c:/software/altera/15.1/nios2eds/bin/gnu/h-x86_64-mingw32/bin/../lib/gcc/nios2-elf/4.9.2/../../../../../H-x86_64-mingw32/nios2-elf/lib\libc.a(lib_a-locale.o)
                0x0000000021095638                __locale_mb_cur_max
 .text.__locale_msgcharset
                0x0000000021095648        0xc c:/software/altera/15.1/nios2eds/bin/gnu/h-x86_64-mingw32/bin/../lib/gcc/nios2-elf/4.9.2/../../../../../H-x86_64-mingw32/nios2-elf/lib\libc.a(lib_a-locale.o)
                0x0000000021095648                __locale_msgcharset
 .text.__locale_cjk_lang
                0x0000000021095654        0x8 c:/software/altera/15.1/nios2eds/bin/gnu/h-x86_64-mingw32/bin/../lib/gcc/nios2-elf/4.9.2/../../../../../H-x86_64-mingw32/nios2-elf/lib\libc.a(lib_a-locale.o)
                0x0000000021095654                __locale_cjk_lang
 .text._localeconv_r
                0x000000002109565c        0xc c:/software/altera/15.1/nios2eds/bin/gnu/h-x86_64-mingw32/bin/../lib/gcc/nios2-elf/4.9.2/../../../../../H-x86_64-mingw32/nios2-elf/lib\libc.a(lib_a-locale.o)
                0x000000002109565c                _localeconv_r
 .text.setlocale
                0x0000000021095668       0x1c c:/software/altera/15.1/nios2eds/bin/gnu/h-x86_64-mingw32/bin/../lib/gcc/nios2-elf/4.9.2/../../../../../H-x86_64-mingw32/nios2-elf/lib\libc.a(lib_a-locale.o)
                0x0000000021095668                setlocale
 .text.localeconv
                0x0000000021095684        0xc c:/software/altera/15.1/nios2eds/bin/gnu/h-x86_64-mingw32/bin/../lib/gcc/nios2-elf/4.9.2/../../../../../H-x86_64-mingw32/nios2-elf/lib\libc.a(lib_a-locale.o)
                0x0000000021095684                localeconv
 .text          0x0000000021095690        0x0 c:/software/altera/15.1/nios2eds/bin/gnu/h-x86_64-mingw32/bin/../lib/gcc/nios2-elf/4.9.2/../../../../../H-x86_64-mingw32/nios2-elf/lib\libc.a(lib_a-makebuf.o)
 .text.__smakebuf_r
                0x0000000021095690      0x1b8 c:/software/altera/15.1/nios2eds/bin/gnu/h-x86_64-mingw32/bin/../lib/gcc/nios2-elf/4.9.2/../../../../../H-x86_64-mingw32/nios2-elf/lib\libc.a(lib_a-makebuf.o)
                0x0000000021095690                __smakebuf_r
 .text          0x0000000021095848        0x0 c:/software/altera/15.1/nios2eds/bin/gnu/h-x86_64-mingw32/bin/../lib/gcc/nios2-elf/4.9.2/../../../../../H-x86_64-mingw32/nios2-elf/lib\libc.a(lib_a-memchr.o)
 .text.memchr   0x0000000021095848       0xe8 c:/software/altera/15.1/nios2eds/bin/gnu/h-x86_64-mingw32/bin/../lib/gcc/nios2-elf/4.9.2/../../../../../H-x86_64-mingw32/nios2-elf/lib\libc.a(lib_a-memchr.o)
                0x0000000021095848                memchr
 .text          0x0000000021095930        0x0 c:/software/altera/15.1/nios2eds/bin/gnu/h-x86_64-mingw32/bin/../lib/gcc/nios2-elf/4.9.2/../../../../../H-x86_64-mingw32/nios2-elf/lib\libc.a(lib_a-memmove.o)
 .text.memmove  0x0000000021095930      0x15c c:/software/altera/15.1/nios2eds/bin/gnu/h-x86_64-mingw32/bin/../lib/gcc/nios2-elf/4.9.2/../../../../../H-x86_64-mingw32/nios2-elf/lib\libc.a(lib_a-memmove.o)
                0x0000000021095930                memmove
 .text          0x0000000021095a8c        0x0 c:/software/altera/15.1/nios2eds/bin/gnu/h-x86_64-mingw32/bin/../lib/gcc/nios2-elf/4.9.2/../../../../../H-x86_64-mingw32/nios2-elf/lib\libc.a(lib_a-mprec.o)
 .text._Balloc  0x0000000021095a8c       0xa8 c:/software/altera/15.1/nios2eds/bin/gnu/h-x86_64-mingw32/bin/../lib/gcc/nios2-elf/4.9.2/../../../../../H-x86_64-mingw32/nios2-elf/lib\libc.a(lib_a-mprec.o)
                0x0000000021095a8c                _Balloc
 .text._Bfree   0x0000000021095b34       0x28 c:/software/altera/15.1/nios2eds/bin/gnu/h-x86_64-mingw32/bin/../lib/gcc/nios2-elf/4.9.2/../../../../../H-x86_64-mingw32/nios2-elf/lib\libc.a(lib_a-mprec.o)
                0x0000000021095b34                _Bfree
 .text.__multadd
                0x0000000021095b5c      0x120 c:/software/altera/15.1/nios2eds/bin/gnu/h-x86_64-mingw32/bin/../lib/gcc/nios2-elf/4.9.2/../../../../../H-x86_64-mingw32/nios2-elf/lib\libc.a(lib_a-mprec.o)
                0x0000000021095b5c                __multadd
 .text.__s2b    0x0000000021095c7c      0x104 c:/software/altera/15.1/nios2eds/bin/gnu/h-x86_64-mingw32/bin/../lib/gcc/nios2-elf/4.9.2/../../../../../H-x86_64-mingw32/nios2-elf/lib\libc.a(lib_a-mprec.o)
                0x0000000021095c7c                __s2b
 .text.__hi0bits
                0x0000000021095d80       0x68 c:/software/altera/15.1/nios2eds/bin/gnu/h-x86_64-mingw32/bin/../lib/gcc/nios2-elf/4.9.2/../../../../../H-x86_64-mingw32/nios2-elf/lib\libc.a(lib_a-mprec.o)
                0x0000000021095d80                __hi0bits
 .text.__lo0bits
                0x0000000021095de8       0xb0 c:/software/altera/15.1/nios2eds/bin/gnu/h-x86_64-mingw32/bin/../lib/gcc/nios2-elf/4.9.2/../../../../../H-x86_64-mingw32/nios2-elf/lib\libc.a(lib_a-mprec.o)
                0x0000000021095de8                __lo0bits
 .text.__i2b    0x0000000021095e98       0x3c c:/software/altera/15.1/nios2eds/bin/gnu/h-x86_64-mingw32/bin/../lib/gcc/nios2-elf/4.9.2/../../../../../H-x86_64-mingw32/nios2-elf/lib\libc.a(lib_a-mprec.o)
                0x0000000021095e98                __i2b
 .text.__multiply
                0x0000000021095ed4      0x1fc c:/software/altera/15.1/nios2eds/bin/gnu/h-x86_64-mingw32/bin/../lib/gcc/nios2-elf/4.9.2/../../../../../H-x86_64-mingw32/nios2-elf/lib\libc.a(lib_a-mprec.o)
                0x0000000021095ed4                __multiply
 .text.__pow5mult
                0x00000000210960d0      0x140 c:/software/altera/15.1/nios2eds/bin/gnu/h-x86_64-mingw32/bin/../lib/gcc/nios2-elf/4.9.2/../../../../../H-x86_64-mingw32/nios2-elf/lib\libc.a(lib_a-mprec.o)
                0x00000000210960d0                __pow5mult
 .text.__lshift
                0x0000000021096210      0x150 c:/software/altera/15.1/nios2eds/bin/gnu/h-x86_64-mingw32/bin/../lib/gcc/nios2-elf/4.9.2/../../../../../H-x86_64-mingw32/nios2-elf/lib\libc.a(lib_a-mprec.o)
                0x0000000021096210                __lshift
 .text.__mcmp   0x0000000021096360       0x60 c:/software/altera/15.1/nios2eds/bin/gnu/h-x86_64-mingw32/bin/../lib/gcc/nios2-elf/4.9.2/../../../../../H-x86_64-mingw32/nios2-elf/lib\libc.a(lib_a-mprec.o)
                0x0000000021096360                __mcmp
 .text.__mdiff  0x00000000210963c0      0x198 c:/software/altera/15.1/nios2eds/bin/gnu/h-x86_64-mingw32/bin/../lib/gcc/nios2-elf/4.9.2/../../../../../H-x86_64-mingw32/nios2-elf/lib\libc.a(lib_a-mprec.o)
                0x00000000210963c0                __mdiff
 .text.__ulp    0x0000000021096558       0x60 c:/software/altera/15.1/nios2eds/bin/gnu/h-x86_64-mingw32/bin/../lib/gcc/nios2-elf/4.9.2/../../../../../H-x86_64-mingw32/nios2-elf/lib\libc.a(lib_a-mprec.o)
                0x0000000021096558                __ulp
 .text.__b2d    0x00000000210965b8      0x11c c:/software/altera/15.1/nios2eds/bin/gnu/h-x86_64-mingw32/bin/../lib/gcc/nios2-elf/4.9.2/../../../../../H-x86_64-mingw32/nios2-elf/lib\libc.a(lib_a-mprec.o)
                0x00000000210965b8                __b2d
 .text.__d2b    0x00000000210966d4      0x13c c:/software/altera/15.1/nios2eds/bin/gnu/h-x86_64-mingw32/bin/../lib/gcc/nios2-elf/4.9.2/../../../../../H-x86_64-mingw32/nios2-elf/lib\libc.a(lib_a-mprec.o)
                0x00000000210966d4                __d2b
 .text.__ratio  0x0000000021096810       0xa4 c:/software/altera/15.1/nios2eds/bin/gnu/h-x86_64-mingw32/bin/../lib/gcc/nios2-elf/4.9.2/../../../../../H-x86_64-mingw32/nios2-elf/lib\libc.a(lib_a-mprec.o)
                0x0000000021096810                __ratio
 .text._mprec_log10
                0x00000000210968b4       0x74 c:/software/altera/15.1/nios2eds/bin/gnu/h-x86_64-mingw32/bin/../lib/gcc/nios2-elf/4.9.2/../../../../../H-x86_64-mingw32/nios2-elf/lib\libc.a(lib_a-mprec.o)
                0x00000000210968b4                _mprec_log10
 .text.__copybits
                0x0000000021096928       0x78 c:/software/altera/15.1/nios2eds/bin/gnu/h-x86_64-mingw32/bin/../lib/gcc/nios2-elf/4.9.2/../../../../../H-x86_64-mingw32/nios2-elf/lib\libc.a(lib_a-mprec.o)
                0x0000000021096928                __copybits
 .text.__any_on
                0x00000000210969a0       0x8c c:/software/altera/15.1/nios2eds/bin/gnu/h-x86_64-mingw32/bin/../lib/gcc/nios2-elf/4.9.2/../../../../../H-x86_64-mingw32/nios2-elf/lib\libc.a(lib_a-mprec.o)
                0x00000000210969a0                __any_on
 .text          0x0000000021096a2c        0x0 c:/software/altera/15.1/nios2eds/bin/gnu/h-x86_64-mingw32/bin/../lib/gcc/nios2-elf/4.9.2/../../../../../H-x86_64-mingw32/nios2-elf/lib\libc.a(lib_a-putc.o)
 .text._putc_r  0x0000000021096a2c       0xa0 c:/software/altera/15.1/nios2eds/bin/gnu/h-x86_64-mingw32/bin/../lib/gcc/nios2-elf/4.9.2/../../../../../H-x86_64-mingw32/nios2-elf/lib\libc.a(lib_a-putc.o)
                0x0000000021096a2c                _putc_r
 .text.putc     0x0000000021096acc       0xcc c:/software/altera/15.1/nios2eds/bin/gnu/h-x86_64-mingw32/bin/../lib/gcc/nios2-elf/4.9.2/../../../../../H-x86_64-mingw32/nios2-elf/lib\libc.a(lib_a-putc.o)
                0x0000000021096acc                putc
 .text          0x0000000021096b98        0x0 c:/software/altera/15.1/nios2eds/bin/gnu/h-x86_64-mingw32/bin/../lib/gcc/nios2-elf/4.9.2/../../../../../H-x86_64-mingw32/nios2-elf/lib\libc.a(lib_a-reallocr.o)
 .text._realloc_r
                0x0000000021096b98      0x568 c:/software/altera/15.1/nios2eds/bin/gnu/h-x86_64-mingw32/bin/../lib/gcc/nios2-elf/4.9.2/../../../../../H-x86_64-mingw32/nios2-elf/lib\libc.a(lib_a-reallocr.o)
                0x0000000021096b98                _realloc_r
 .text          0x0000000021097100        0x0 c:/software/altera/15.1/nios2eds/bin/gnu/h-x86_64-mingw32/bin/../lib/gcc/nios2-elf/4.9.2/../../../../../H-x86_64-mingw32/nios2-elf/lib\libc.a(lib_a-s_fpclassify.o)
 .text.__fpclassifyd
                0x0000000021097100       0x74 c:/software/altera/15.1/nios2eds/bin/gnu/h-x86_64-mingw32/bin/../lib/gcc/nios2-elf/4.9.2/../../../../../H-x86_64-mingw32/nios2-elf/lib\libc.a(lib_a-s_fpclassify.o)
                0x0000000021097100                __fpclassifyd
 .text          0x0000000021097174        0x0 c:/software/altera/15.1/nios2eds/bin/gnu/h-x86_64-mingw32/bin/../lib/gcc/nios2-elf/4.9.2/../../../../../H-x86_64-mingw32/nios2-elf/lib\libc.a(lib_a-stdio.o)
 .text.__sread  0x0000000021097174       0x54 c:/software/altera/15.1/nios2eds/bin/gnu/h-x86_64-mingw32/bin/../lib/gcc/nios2-elf/4.9.2/../../../../../H-x86_64-mingw32/nios2-elf/lib\libc.a(lib_a-stdio.o)
                0x0000000021097174                __sread
 .text.__seofread
                0x00000000210971c8        0x8 c:/software/altera/15.1/nios2eds/bin/gnu/h-x86_64-mingw32/bin/../lib/gcc/nios2-elf/4.9.2/../../../../../H-x86_64-mingw32/nios2-elf/lib\libc.a(lib_a-stdio.o)
                0x00000000210971c8                __seofread
 .text.__swrite
                0x00000000210971d0       0x7c c:/software/altera/15.1/nios2eds/bin/gnu/h-x86_64-mingw32/bin/../lib/gcc/nios2-elf/4.9.2/../../../../../H-x86_64-mingw32/nios2-elf/lib\libc.a(lib_a-stdio.o)
                0x00000000210971d0                __swrite
 .text.__sseek  0x000000002109724c       0x5c c:/software/altera/15.1/nios2eds/bin/gnu/h-x86_64-mingw32/bin/../lib/gcc/nios2-elf/4.9.2/../../../../../H-x86_64-mingw32/nios2-elf/lib\libc.a(lib_a-stdio.o)
                0x000000002109724c                __sseek
 .text.__sclose
                0x00000000210972a8        0x8 c:/software/altera/15.1/nios2eds/bin/gnu/h-x86_64-mingw32/bin/../lib/gcc/nios2-elf/4.9.2/../../../../../H-x86_64-mingw32/nios2-elf/lib\libc.a(lib_a-stdio.o)
                0x00000000210972a8                __sclose
 .text          0x00000000210972b0        0x0 c:/software/altera/15.1/nios2eds/bin/gnu/h-x86_64-mingw32/bin/../lib/gcc/nios2-elf/4.9.2/../../../../../H-x86_64-mingw32/nios2-elf/lib\libc.a(lib_a-strchr.o)
 .text.strchr   0x00000000210972b0      0x164 c:/software/altera/15.1/nios2eds/bin/gnu/h-x86_64-mingw32/bin/../lib/gcc/nios2-elf/4.9.2/../../../../../H-x86_64-mingw32/nios2-elf/lib\libc.a(lib_a-strchr.o)
                0x00000000210972b0                strchr
 .text          0x0000000021097414        0x0 c:/software/altera/15.1/nios2eds/bin/gnu/h-x86_64-mingw32/bin/../lib/gcc/nios2-elf/4.9.2/../../../../../H-x86_64-mingw32/nios2-elf/lib\libc.a(lib_a-svfiprintf.o)
 .text.__ssprint_r
                0x0000000021097414      0x1cc c:/software/altera/15.1/nios2eds/bin/gnu/h-x86_64-mingw32/bin/../lib/gcc/nios2-elf/4.9.2/../../../../../H-x86_64-mingw32/nios2-elf/lib\libc.a(lib_a-svfiprintf.o)
                0x0000000021097414                __ssprint_r
 .text.___svfiprintf_internal_r
                0x00000000210975e0     0x1038 c:/software/altera/15.1/nios2eds/bin/gnu/h-x86_64-mingw32/bin/../lib/gcc/nios2-elf/4.9.2/../../../../../H-x86_64-mingw32/nios2-elf/lib\libc.a(lib_a-svfiprintf.o)
                0x00000000210975e0                ___svfiprintf_internal_r
 .text          0x0000000021098618        0x0 c:/software/altera/15.1/nios2eds/bin/gnu/h-x86_64-mingw32/bin/../lib/gcc/nios2-elf/4.9.2/../../../../../H-x86_64-mingw32/nios2-elf/lib\libc.a(lib_a-vfiprintf.o)
 .text.__sprint_r.part.0
                0x0000000021098618       0xfc c:/software/altera/15.1/nios2eds/bin/gnu/h-x86_64-mingw32/bin/../lib/gcc/nios2-elf/4.9.2/../../../../../H-x86_64-mingw32/nios2-elf/lib\libc.a(lib_a-vfiprintf.o)
 .text.__sprint_r
                0x0000000021098714       0x18 c:/software/altera/15.1/nios2eds/bin/gnu/h-x86_64-mingw32/bin/../lib/gcc/nios2-elf/4.9.2/../../../../../H-x86_64-mingw32/nios2-elf/lib\libc.a(lib_a-vfiprintf.o)
                0x0000000021098714                __sprint_r
 .text.___vfiprintf_internal_r
                0x000000002109872c     0x12d0 c:/software/altera/15.1/nios2eds/bin/gnu/h-x86_64-mingw32/bin/../lib/gcc/nios2-elf/4.9.2/../../../../../H-x86_64-mingw32/nios2-elf/lib\libc.a(lib_a-vfiprintf.o)
                0x000000002109872c                ___vfiprintf_internal_r
 .text.__vfiprintf_internal
                0x00000000210999fc       0x24 c:/software/altera/15.1/nios2eds/bin/gnu/h-x86_64-mingw32/bin/../lib/gcc/nios2-elf/4.9.2/../../../../../H-x86_64-mingw32/nios2-elf/lib\libc.a(lib_a-vfiprintf.o)
                0x00000000210999fc                __vfiprintf_internal
 .text.__sbprintf
                0x0000000021099a20       0xbc c:/software/altera/15.1/nios2eds/bin/gnu/h-x86_64-mingw32/bin/../lib/gcc/nios2-elf/4.9.2/../../../../../H-x86_64-mingw32/nios2-elf/lib\libc.a(lib_a-vfiprintf.o)
 .text          0x0000000021099adc        0x0 c:/software/altera/15.1/nios2eds/bin/gnu/h-x86_64-mingw32/bin/../lib/gcc/nios2-elf/4.9.2/../../../../../H-x86_64-mingw32/nios2-elf/lib\libc.a(lib_a-wbuf.o)
 .text.__swbuf_r
                0x0000000021099adc      0x138 c:/software/altera/15.1/nios2eds/bin/gnu/h-x86_64-mingw32/bin/../lib/gcc/nios2-elf/4.9.2/../../../../../H-x86_64-mingw32/nios2-elf/lib\libc.a(lib_a-wbuf.o)
                0x0000000021099adc                __swbuf_r
 .text.__swbuf  0x0000000021099c14       0x1c c:/software/altera/15.1/nios2eds/bin/gnu/h-x86_64-mingw32/bin/../lib/gcc/nios2-elf/4.9.2/../../../../../H-x86_64-mingw32/nios2-elf/lib\libc.a(lib_a-wbuf.o)
                0x0000000021099c14                __swbuf
 .text          0x0000000021099c30        0x0 c:/software/altera/15.1/nios2eds/bin/gnu/h-x86_64-mingw32/bin/../lib/gcc/nios2-elf/4.9.2/../../../../../H-x86_64-mingw32/nios2-elf/lib\libc.a(lib_a-writer.o)
 .text._write_r
                0x0000000021099c30       0x5c c:/software/altera/15.1/nios2eds/bin/gnu/h-x86_64-mingw32/bin/../lib/gcc/nios2-elf/4.9.2/../../../../../H-x86_64-mingw32/nios2-elf/lib\libc.a(lib_a-writer.o)
                0x0000000021099c30                _write_r
 .text          0x0000000021099c8c        0x0 c:/software/altera/15.1/nios2eds/bin/gnu/h-x86_64-mingw32/bin/../lib/gcc/nios2-elf/4.9.2/../../../../../H-x86_64-mingw32/nios2-elf/lib\libc.a(closer.o)
 .text._close_r
                0x0000000021099c8c       0x54 c:/software/altera/15.1/nios2eds/bin/gnu/h-x86_64-mingw32/bin/../lib/gcc/nios2-elf/4.9.2/../../../../../H-x86_64-mingw32/nios2-elf/lib\libc.a(closer.o)
                0x0000000021099c8c                _close_r
 .text          0x0000000021099ce0        0x0 c:/software/altera/15.1/nios2eds/bin/gnu/h-x86_64-mingw32/bin/../lib/gcc/nios2-elf/4.9.2/../../../../../H-x86_64-mingw32/nios2-elf/lib\libc.a(lib_a-callocr.o)
 .text._calloc_r
                0x0000000021099ce0       0xc4 c:/software/altera/15.1/nios2eds/bin/gnu/h-x86_64-mingw32/bin/../lib/gcc/nios2-elf/4.9.2/../../../../../H-x86_64-mingw32/nios2-elf/lib\libc.a(lib_a-callocr.o)
                0x0000000021099ce0                _calloc_r
 .text          0x0000000021099da4        0x0 c:/software/altera/15.1/nios2eds/bin/gnu/h-x86_64-mingw32/bin/../lib/gcc/nios2-elf/4.9.2/../../../../../H-x86_64-mingw32/nios2-elf/lib\libc.a(lib_a-fclose.o)
 .text._fclose_r
                0x0000000021099da4       0xf0 c:/software/altera/15.1/nios2eds/bin/gnu/h-x86_64-mingw32/bin/../lib/gcc/nios2-elf/4.9.2/../../../../../H-x86_64-mingw32/nios2-elf/lib\libc.a(lib_a-fclose.o)
                0x0000000021099da4                _fclose_r
 .text.fclose   0x0000000021099e94       0x14 c:/software/altera/15.1/nios2eds/bin/gnu/h-x86_64-mingw32/bin/../lib/gcc/nios2-elf/4.9.2/../../../../../H-x86_64-mingw32/nios2-elf/lib\libc.a(lib_a-fclose.o)
                0x0000000021099e94                fclose
 .text          0x0000000021099ea8        0x0 c:/software/altera/15.1/nios2eds/bin/gnu/h-x86_64-mingw32/bin/../lib/gcc/nios2-elf/4.9.2/../../../../../H-x86_64-mingw32/nios2-elf/lib\libc.a(lib_a-fputwc.o)
 .text._fputwc_r
                0x0000000021099ea8      0x184 c:/software/altera/15.1/nios2eds/bin/gnu/h-x86_64-mingw32/bin/../lib/gcc/nios2-elf/4.9.2/../../../../../H-x86_64-mingw32/nios2-elf/lib\libc.a(lib_a-fputwc.o)
                0x0000000021099ea8                _fputwc_r
 .text.fputwc   0x000000002109a02c       0x5c c:/software/altera/15.1/nios2eds/bin/gnu/h-x86_64-mingw32/bin/../lib/gcc/nios2-elf/4.9.2/../../../../../H-x86_64-mingw32/nios2-elf/lib\libc.a(lib_a-fputwc.o)
                0x000000002109a02c                fputwc
 .text          0x000000002109a088        0x0 c:/software/altera/15.1/nios2eds/bin/gnu/h-x86_64-mingw32/bin/../lib/gcc/nios2-elf/4.9.2/../../../../../H-x86_64-mingw32/nios2-elf/lib\libc.a(lib_a-fstatr.o)
 .text._fstat_r
                0x000000002109a088       0x58 c:/software/altera/15.1/nios2eds/bin/gnu/h-x86_64-mingw32/bin/../lib/gcc/nios2-elf/4.9.2/../../../../../H-x86_64-mingw32/nios2-elf/lib\libc.a(lib_a-fstatr.o)
                0x000000002109a088                _fstat_r
 .text          0x000000002109a0e0        0x0 c:/software/altera/15.1/nios2eds/bin/gnu/h-x86_64-mingw32/bin/../lib/gcc/nios2-elf/4.9.2/../../../../../H-x86_64-mingw32/nios2-elf/lib\libc.a(lib_a-isattyr.o)
 .text._isatty_r
                0x000000002109a0e0       0x54 c:/software/altera/15.1/nios2eds/bin/gnu/h-x86_64-mingw32/bin/../lib/gcc/nios2-elf/4.9.2/../../../../../H-x86_64-mingw32/nios2-elf/lib\libc.a(lib_a-isattyr.o)
                0x000000002109a0e0                _isatty_r
 .text          0x000000002109a134        0x0 c:/software/altera/15.1/nios2eds/bin/gnu/h-x86_64-mingw32/bin/../lib/gcc/nios2-elf/4.9.2/../../../../../H-x86_64-mingw32/nios2-elf/lib\libc.a(lib_a-lseekr.o)
 .text._lseek_r
                0x000000002109a134       0x5c c:/software/altera/15.1/nios2eds/bin/gnu/h-x86_64-mingw32/bin/../lib/gcc/nios2-elf/4.9.2/../../../../../H-x86_64-mingw32/nios2-elf/lib\libc.a(lib_a-lseekr.o)
                0x000000002109a134                _lseek_r
 .text          0x000000002109a190        0x0 c:/software/altera/15.1/nios2eds/bin/gnu/h-x86_64-mingw32/bin/../lib/gcc/nios2-elf/4.9.2/../../../../../H-x86_64-mingw32/nios2-elf/lib\libc.a(lib_a-readr.o)
 .text._read_r  0x000000002109a190       0x5c c:/software/altera/15.1/nios2eds/bin/gnu/h-x86_64-mingw32/bin/../lib/gcc/nios2-elf/4.9.2/../../../../../H-x86_64-mingw32/nios2-elf/lib\libc.a(lib_a-readr.o)
                0x000000002109a190                _read_r
 .text          0x000000002109a1ec        0x0 c:/software/altera/15.1/nios2eds/bin/gnu/h-x86_64-mingw32/bin/../lib/gcc/nios2-elf/4.9.2/../../../../../H-x86_64-mingw32/nios2-elf/lib\libc.a(lib_a-wcrtomb.o)
 .text._wcrtomb_r
                0x000000002109a1ec       0x9c c:/software/altera/15.1/nios2eds/bin/gnu/h-x86_64-mingw32/bin/../lib/gcc/nios2-elf/4.9.2/../../../../../H-x86_64-mingw32/nios2-elf/lib\libc.a(lib_a-wcrtomb.o)
                0x000000002109a1ec                _wcrtomb_r
 .text.wcrtomb  0x000000002109a288       0xc0 c:/software/altera/15.1/nios2eds/bin/gnu/h-x86_64-mingw32/bin/../lib/gcc/nios2-elf/4.9.2/../../../../../H-x86_64-mingw32/nios2-elf/lib\libc.a(lib_a-wcrtomb.o)
                0x000000002109a288                wcrtomb
 .text          0x000000002109a348        0x0 c:/software/altera/15.1/nios2eds/bin/gnu/h-x86_64-mingw32/bin/../lib/gcc/nios2-elf/4.9.2/../../../../../H-x86_64-mingw32/nios2-elf/lib\libc.a(lib_a-wctomb_r.o)
 .text.__ascii_wctomb
                0x000000002109a348       0x30 c:/software/altera/15.1/nios2eds/bin/gnu/h-x86_64-mingw32/bin/../lib/gcc/nios2-elf/4.9.2/../../../../../H-x86_64-mingw32/nios2-elf/lib\libc.a(lib_a-wctomb_r.o)
                0x000000002109a348                __ascii_wctomb
 .text._wctomb_r
                0x000000002109a378       0x5c c:/software/altera/15.1/nios2eds/bin/gnu/h-x86_64-mingw32/bin/../lib/gcc/nios2-elf/4.9.2/../../../../../H-x86_64-mingw32/nios2-elf/lib\libc.a(lib_a-wctomb_r.o)
                0x000000002109a378                _wctomb_r
 .text          0x000000002109a3d4      0x5c0 c:/software/altera/15.1/nios2eds/bin/gnu/h-x86_64-mingw32/bin/../lib/gcc/nios2-elf/4.9.2\libgcc.a(_udivdi3.o)
                0x000000002109a3d4                __udivdi3
 .text          0x000000002109a994      0x590 c:/software/altera/15.1/nios2eds/bin/gnu/h-x86_64-mingw32/bin/../lib/gcc/nios2-elf/4.9.2\libgcc.a(_umoddi3.o)
                0x000000002109a994                __umoddi3
 .text          0x000000002109af24       0x84 c:/software/altera/15.1/nios2eds/bin/gnu/h-x86_64-mingw32/bin/../lib/gcc/nios2-elf/4.9.2\libgcc.a(eqdf2.o)
                0x000000002109af24                __nedf2
                0x000000002109af24                __eqdf2
 .text          0x000000002109afa8       0xe0 c:/software/altera/15.1/nios2eds/bin/gnu/h-x86_64-mingw32/bin/../lib/gcc/nios2-elf/4.9.2\libgcc.a(ledf2.o)
                0x000000002109afa8                __ledf2
                0x000000002109afa8                __ltdf2
 .text          0x000000002109b088       0xd4 ../lab3_cpu0_bsp/\libhal_bsp.a(alt_close.o)
                0x000000002109b088                close
 .text          0x000000002109b15c       0x40 ../lab3_cpu0_bsp/\libhal_bsp.a(alt_dcache_flush.o)
                0x000000002109b15c                alt_dcache_flush
 .text          0x000000002109b19c       0x18 ../lab3_cpu0_bsp/\libhal_bsp.a(alt_dcache_flush_all.o)
                0x000000002109b19c                alt_dcache_flush_all
 .text          0x000000002109b1b4        0x8 ../lab3_cpu0_bsp/\libhal_bsp.a(alt_dev.o)
 .text          0x000000002109b1bc        0x0 ../lab3_cpu0_bsp/\libhal_bsp.a(alt_errno.o)
 .text          0x000000002109b1bc       0x14 ../lab3_cpu0_bsp/\libhal_bsp.a(alt_exit.o)
                0x000000002109b1bc                _exit
 .text          0x000000002109b1d0       0x84 ../lab3_cpu0_bsp/\libhal_bsp.a(alt_fstat.o)
                0x000000002109b1d0                fstat
 .text          0x000000002109b254       0xbc ../lab3_cpu0_bsp/\libhal_bsp.a(alt_irq_register.o)
                0x000000002109b254                alt_irq_register
 .text          0x000000002109b310        0x0 ../lab3_cpu0_bsp/\libhal_bsp.a(alt_irq_vars.o)
 .text          0x000000002109b310       0x90 ../lab3_cpu0_bsp/\libhal_bsp.a(alt_isatty.o)
                0x000000002109b310                isatty
 .text          0x000000002109b3a0       0xcc ../lab3_cpu0_bsp/\libhal_bsp.a(alt_load.o)
                0x000000002109b3a0                alt_load
 .text          0x000000002109b46c       0x88 ../lab3_cpu0_bsp/\libhal_bsp.a(alt_lseek.o)
                0x000000002109b46c                lseek
 .text          0x000000002109b4f4       0x60 ../lab3_cpu0_bsp/\libhal_bsp.a(alt_main.o)
                0x000000002109b4f4                alt_main
 .text          0x000000002109b554        0x8 ../lab3_cpu0_bsp/\libhal_bsp.a(alt_malloc_lock.o)
                0x000000002109b554                __malloc_lock
                0x000000002109b558                __malloc_unlock
 .text          0x000000002109b55c       0xec ../lab3_cpu0_bsp/\libhal_bsp.a(alt_read.o)
                0x000000002109b55c                read
 .text          0x000000002109b648       0x24 ../lab3_cpu0_bsp/\libhal_bsp.a(alt_release_fd.o)
                0x000000002109b648                alt_release_fd
 .text          0x000000002109b66c       0x4c ../lab3_cpu0_bsp/\libhal_bsp.a(alt_sbrk.o)
                0x000000002109b66c                sbrk
 .text          0x000000002109b6b8      0x12c ../lab3_cpu0_bsp/\libhal_bsp.a(alt_tick.o)
                0x000000002109b6b8                alt_alarm_stop
                0x000000002109b6ec                alt_tick
 .text          0x000000002109b7e4       0x10 ../lab3_cpu0_bsp/\libhal_bsp.a(alt_uncached_free.o)
                0x000000002109b7e4                alt_uncached_free
 .text          0x000000002109b7f4       0x5c ../lab3_cpu0_bsp/\libhal_bsp.a(alt_uncached_malloc.o)
                0x000000002109b7f4                alt_uncached_malloc
 .text          0x000000002109b850        0x4 ../lab3_cpu0_bsp/\libhal_bsp.a(alt_usleep.o)
                0x000000002109b850                usleep
 .text          0x000000002109b854       0xe8 ../lab3_cpu0_bsp/\libhal_bsp.a(alt_write.o)
                0x000000002109b854                write
 .text          0x000000002109b93c       0xec ../lab3_cpu0_bsp/\libhal_bsp.a(alt_sys_init.o)
                0x000000002109b93c                alt_irq_init
                0x000000002109b95c                alt_sys_init
 .text          0x000000002109ba28       0x3c ../lab3_cpu0_bsp/\libhal_bsp.a(altera_avalon_jtag_uart_fd.o)
                0x000000002109ba28                altera_avalon_jtag_uart_read_fd
                0x000000002109ba38                altera_avalon_jtag_uart_write_fd
                0x000000002109ba48                altera_avalon_jtag_uart_close_fd
                0x000000002109ba58                altera_avalon_jtag_uart_ioctl_fd
 .text          0x000000002109ba64      0x228 ../lab3_cpu0_bsp/\libhal_bsp.a(altera_avalon_jtag_uart_init.o)
                0x000000002109bbbc                altera_avalon_jtag_uart_init
                0x000000002109bc3c                altera_avalon_jtag_uart_close
 .text          0x000000002109bc8c       0x74 ../lab3_cpu0_bsp/\libhal_bsp.a(altera_avalon_jtag_uart_ioctl.o)
                0x000000002109bc8c                altera_avalon_jtag_uart_ioctl
 .text          0x000000002109bd00      0x13c ../lab3_cpu0_bsp/\libhal_bsp.a(altera_avalon_jtag_uart_read.o)
                0x000000002109bd00                altera_avalon_jtag_uart_read
 .text          0x000000002109be3c      0x1a0 ../lab3_cpu0_bsp/\libhal_bsp.a(altera_avalon_jtag_uart_write.o)
                0x000000002109be3c                altera_avalon_jtag_uart_write
 .text          0x000000002109bfdc      0x60c ../lab3_cpu0_bsp/\libhal_bsp.a(altera_avalon_mailbox_simple.o)
                0x000000002109c0cc                altera_avalon_mailbox_simple_init
                0x000000002109c154                altera_avalon_mailbox_open
                0x000000002109c2a0                altera_avalon_mailbox_close
                0x000000002109c34c                altera_avalon_mailbox_status
                0x000000002109c380                altera_avalon_mailbox_send
                0x000000002109c4cc                altera_avalon_mailbox_retrieve_poll
 .text          0x000000002109c5e8        0x0 ../lab3_cpu0_bsp/\libhal_bsp.a(altera_avalon_timer_vars.o)
 .text          0x000000002109c5e8     0x123c ../lab3_cpu0_bsp/\libhal_bsp.a(altera_msgdma.o)
                0x000000002109c6b4                alt_msgdma_construct_standard_st_to_mm_descriptor
                0x000000002109c6ec                alt_msgdma_construct_standard_mm_to_st_descriptor
                0x000000002109c724                alt_msgdma_construct_standard_mm_to_mm_descriptor
                0x000000002109c760                alt_msgdma_construct_extended_st_to_mm_descriptor
                0x000000002109c7d8                alt_msgdma_construct_extended_mm_to_st_descriptor
                0x000000002109c850                alt_msgdma_construct_extended_mm_to_mm_descriptor
                0x000000002109c8e4                alt_msgdma_construct_prefetcher_standard_mm_to_mm_descriptor
                0x000000002109c930                alt_msgdma_construct_prefetcher_standard_st_to_mm_descriptor
                0x000000002109c978                alt_msgdma_construct_prefetcher_standard_mm_to_st_descriptor
                0x000000002109c9c0                alt_msgdma_construct_prefetcher_extended_st_to_mm_descriptor
                0x000000002109ca50                alt_msgdma_construct_prefetcher_extended_mm_to_st_descriptor
                0x000000002109cae0                alt_msgdma_construct_prefetcher_extended_mm_to_mm_descriptor
                0x000000002109cb90                alt_msgdma_prefetcher_add_standard_desc_to_list
                0x000000002109cbf0                alt_msgdma_prefetcher_add_extended_desc_to_list
                0x000000002109cc74                alt_msgdma_prefetcher_set_std_list_own_by_hw_bits
                0x000000002109ccb8                alt_msgdma_prefetcher_set_extd_list_own_by_hw_bits
                0x000000002109cd14                alt_msgdma_start_prefetcher_with_list_addr
                0x000000002109ce24                alt_msgdma_start_prefetcher_with_std_desc_list
                0x000000002109cf6c                alt_msgdma_start_prefetcher_with_extd_desc_list
                0x000000002109cff4                alt_msgdma_open
                0x000000002109d050                alt_msgdma_init
                0x000000002109d130                alt_msgdma_register_callback
                0x000000002109d140                alt_msgdma_standard_descriptor_async_transfer
                0x000000002109d27c                alt_msgdma_extended_descriptor_async_transfer
                0x000000002109d3e8                alt_msgdma_standard_descriptor_sync_transfer
                0x000000002109d5f0                alt_msgdma_extended_descriptor_sync_transfer
 .text          0x000000002109d824       0x94 ../lab3_cpu0_bsp/\libhal_bsp.a(alt_alarm_start.o)
                0x000000002109d824                alt_alarm_start
 .text          0x000000002109d8b8       0x60 ../lab3_cpu0_bsp/\libhal_bsp.a(alt_busy_sleep.o)
                0x000000002109d8b8                alt_busy_sleep
 .text          0x000000002109d918       0x78 ../lab3_cpu0_bsp/\libhal_bsp.a(alt_dev_llist_insert.o)
                0x000000002109d918                alt_dev_llist_insert
 .text          0x000000002109d990       0x64 ../lab3_cpu0_bsp/\libhal_bsp.a(alt_do_ctors.o)
                0x000000002109d990                _do_ctors
 .text          0x000000002109d9f4       0x64 ../lab3_cpu0_bsp/\libhal_bsp.a(alt_do_dtors.o)
                0x000000002109d9f4                _do_dtors
 .text          0x000000002109da58       0x78 ../lab3_cpu0_bsp/\libhal_bsp.a(alt_find_dev.o)
                0x000000002109da58                alt_find_dev
 .text          0x000000002109dad0        0xc ../lab3_cpu0_bsp/\libhal_bsp.a(alt_icache_flush_all.o)
                0x000000002109dad0                alt_icache_flush_all
 .text          0x000000002109dadc       0x9c ../lab3_cpu0_bsp/\libhal_bsp.a(alt_iic.o)
                0x000000002109dadc                alt_ic_isr_register
                0x000000002109dae0                alt_ic_irq_enable
                0x000000002109db20                alt_ic_irq_disable
                0x000000002109db60                alt_ic_irq_enabled
 .text          0x000000002109db78       0x68 ../lab3_cpu0_bsp/\libhal_bsp.a(alt_iic_isr_register.o)
                0x000000002109db78                alt_iic_isr_register
 .text          0x000000002109dbe0      0x110 ../lab3_cpu0_bsp/\libhal_bsp.a(alt_io_redirect.o)
                0x000000002109dbe0                alt_io_redirect
 .text          0x000000002109dcf0        0x0 ../lab3_cpu0_bsp/\libhal_bsp.a(alt_irq_entry.o)
 .text          0x000000002109dcf0        0x0 ../lab3_cpu0_bsp/\libhal_bsp.a(alt_irq_handler.o)
 .text          0x000000002109dcf0      0x1a4 ../lab3_cpu0_bsp/\libhal_bsp.a(alt_open.o)
                0x000000002109dcf0                open
 .text          0x000000002109de94      0x17c ../lab3_cpu0_bsp/\libhal_bsp.a(alt_printf.o)
                0x000000002109de94                alt_printf
 .text          0x000000002109e010       0x14 ../lab3_cpu0_bsp/\libhal_bsp.a(alt_putchar.o)
                0x000000002109e010                alt_putchar
 .text          0x000000002109e024        0x8 ../lab3_cpu0_bsp/\libhal_bsp.a(altera_nios2_gen2_irq.o)
                0x000000002109e024                altera_nios2_gen2_irq_init
 .text          0x000000002109e02c        0x0 ../lab3_cpu0_bsp/\libhal_bsp.a(alt_exception_entry.o)
 .text          0x000000002109e02c       0xb0 ../lab3_cpu0_bsp/\libhal_bsp.a(alt_find_file.o)
                0x000000002109e02c                alt_find_file
 .text          0x000000002109e0dc       0x50 ../lab3_cpu0_bsp/\libhal_bsp.a(alt_get_fd.o)
                0x000000002109e0dc                alt_get_fd
 .text          0x000000002109e12c       0x50 ../lab3_cpu0_bsp/\libhal_bsp.a(alt_icache_flush.o)
                0x000000002109e12c                alt_icache_flush
 .text          0x000000002109e17c       0x74 ../lab3_cpu0_bsp/\libhal_bsp.a(alt_instruction_exception_entry.o)
                0x000000002109e17c                alt_exception_cause_generated_bad_addr
 .text          0x000000002109e1f0        0x0 c:/software/altera/15.1/nios2eds/bin/gnu/h-x86_64-mingw32/bin/../lib/gcc/nios2-elf/4.9.2/../../../../../H-x86_64-mingw32/nios2-elf/lib\libc.a(lib_a-atexit.o)
 .text.atexit   0x000000002109e1f0       0x14 c:/software/altera/15.1/nios2eds/bin/gnu/h-x86_64-mingw32/bin/../lib/gcc/nios2-elf/4.9.2/../../../../../H-x86_64-mingw32/nios2-elf/lib\libc.a(lib_a-atexit.o)
                0x000000002109e1f0                atexit
 .text          0x000000002109e204        0x0 c:/software/altera/15.1/nios2eds/bin/gnu/h-x86_64-mingw32/bin/../lib/gcc/nios2-elf/4.9.2/../../../../../H-x86_64-mingw32/nios2-elf/lib\libc.a(lib_a-__atexit.o)
 .text.__register_exitproc
                0x000000002109e204      0x114 c:/software/altera/15.1/nios2eds/bin/gnu/h-x86_64-mingw32/bin/../lib/gcc/nios2-elf/4.9.2/../../../../../H-x86_64-mingw32/nios2-elf/lib\libc.a(lib_a-__atexit.o)
                0x000000002109e204                __register_exitproc
 *(.gnu.warning.*)
 *(.fini)
                0x000000002109e318                PROVIDE (__etext, ABSOLUTE (.))
                0x000000002109e318                PROVIDE (_etext, ABSOLUTE (.))
                0x000000002109e318                PROVIDE (etext, ABSOLUTE (.))
 *(.eh_frame_hdr)
                0x000000002109e318                . = ALIGN (0x4)
                0x000000002109e318                PROVIDE (__preinit_array_start, ABSOLUTE (.))
 *(.preinit_array)
                0x000000002109e318                PROVIDE (__preinit_array_end, ABSOLUTE (.))
                0x000000002109e318                PROVIDE (__init_array_start, ABSOLUTE (.))
 *(.init_array)
                0x000000002109e318                PROVIDE (__init_array_end, ABSOLUTE (.))
                0x000000002109e318                PROVIDE (__fini_array_start, ABSOLUTE (.))
 *(.fini_array)
                0x000000002109e318                PROVIDE (__fini_array_end, ABSOLUTE (.))
 *(.eh_frame)
 *(.gcc_except_table .gcc_except_table.*)
 *(.dynamic)
                0x000000002109e318                PROVIDE (__CTOR_LIST__, ABSOLUTE (.))
 *(.ctors)
 *(SORT(.ctors.*))
                0x000000002109e318                PROVIDE (__CTOR_END__, ABSOLUTE (.))
                0x000000002109e318                PROVIDE (__DTOR_LIST__, ABSOLUTE (.))
 *(.dtors)
 *(SORT(.dtors.*))
                0x000000002109e318                PROVIDE (__DTOR_END__, ABSOLUTE (.))
 *(.jcr)
                0x000000002109e318                . = ALIGN (0x4)

.rodata         0x0000000000000000     0x3f30 load address 0x000000002109e318
                0x0000000000000000                PROVIDE (__ram_rodata_start, ABSOLUTE (.))
                0x0000000000000000                . = ALIGN (0x4)
 *(.rodata .rodata.* .gnu.linkonce.r.*)
 .rodata.str1.4
                0x0000000000000000       0x1b obj/default/common/util.o
                                         0x1c (size before relaxing)
 *fill*         0x000000000000001b        0x1 
 .rodata.str1.4
                0x000000000000001c      0x262 obj/default/decoder/mjpeg423_decoder.o
                                        0x264 (size before relaxing)
 *fill*         0x000000000000027e        0x2 
 .rodata.str1.4
                0x0000000000000280       0x3c obj/default/ece423_sd/FatFileSystem.o
 .rodata.str1.4
                0x00000000000002bc       0x21 obj/default/ece423_sd/FatInternal.o
                                         0x24 (size before relaxing)
 .rodata        0x00000000000002dd       0x20 obj/default/ece423_sd/FatInternal.o
 *fill*         0x00000000000002fd        0x3 
 .rodata.str1.4
                0x0000000000000300        0xf obj/default/ece423_sd/debug.o
                                         0x10 (size before relaxing)
 *fill*         0x000000000000030f        0x1 
 .rodata.str1.4
                0x0000000000000310      0x188 obj/default/ece423_sd/mmc.o
 .rodata        0x0000000000000498       0x50 obj/default/ece423_sd/mmc.o
 .rodata.str1.4
                0x00000000000004e8      0x158 obj/default/ece423_vid_ctl/ece423_vid_ctl.o
                                        0x15c (size before relaxing)
 .rodata        0x0000000000000640      0x8e8 obj/default/ece423_vid_ctl/font.o
                0x0000000000000640                font_glyph_dsc
                0x0000000000000940                font_compressed
 .rodata.str1.4
                0x0000000000000f28       0x2d obj/default/ece423_vid_ctl/heatshrink/heatshrink.o
                                         0x30 (size before relaxing)
 .rodata        0x0000000000000f55     0x29ea obj/default/ece423_vid_ctl/uw_logo.o
                0x0000000000000f55                logo_compressed
 *fill*         0x000000000000393f        0x1 
 .rodata.str1.4
                0x0000000000003940       0xe4 obj/default/main.o
 .rodata        0x0000000000003a24      0x100 c:/software/altera/15.1/nios2eds/bin/gnu/h-x86_64-mingw32/bin/../lib/gcc/nios2-elf/4.9.2\libgcc.a(_clz.o)
                0x0000000000003a24                __clz_tab
 .rodata.str1.4
                0x0000000000000000       0xe4 c:/software/altera/15.1/nios2eds/bin/gnu/h-x86_64-mingw32/bin/../lib/gcc/nios2-elf/4.9.2/../../../../../H-x86_64-mingw32/nios2-elf/lib\libc.a(lib_a-impure.o)
                                          0x4 (size before relaxing)
 .rodata.str1.4
                0x0000000000000000       0xe4 c:/software/altera/15.1/nios2eds/bin/gnu/h-x86_64-mingw32/bin/../lib/gcc/nios2-elf/4.9.2/../../../../../H-x86_64-mingw32/nios2-elf/lib\libc.a(lib_a-puts.o)
                                          0x4 (size before relaxing)
 .rodata.str1.4
                0x0000000000003b24       0x42 c:/software/altera/15.1/nios2eds/bin/gnu/h-x86_64-mingw32/bin/../lib/gcc/nios2-elf/4.9.2/../../../../../H-x86_64-mingw32/nios2-elf/lib\libc.a(lib_a-svfprintf.o)
                                         0x44 (size before relaxing)
 .rodata.zeroes.4240
                0x0000000000003b66       0x10 c:/software/altera/15.1/nios2eds/bin/gnu/h-x86_64-mingw32/bin/../lib/gcc/nios2-elf/4.9.2/../../../../../H-x86_64-mingw32/nios2-elf/lib\libc.a(lib_a-svfprintf.o)
 .rodata.blanks.4239
                0x0000000000003b76       0x10 c:/software/altera/15.1/nios2eds/bin/gnu/h-x86_64-mingw32/bin/../lib/gcc/nios2-elf/4.9.2/../../../../../H-x86_64-mingw32/nios2-elf/lib\libc.a(lib_a-svfprintf.o)
 .rodata.str1.4
                0x0000000000000000       0x44 c:/software/altera/15.1/nios2eds/bin/gnu/h-x86_64-mingw32/bin/../lib/gcc/nios2-elf/4.9.2/../../../../../H-x86_64-mingw32/nios2-elf/lib\libc.a(lib_a-vfprintf.o)
 .rodata.zeroes.4255
                0x0000000000003b86       0x10 c:/software/altera/15.1/nios2eds/bin/gnu/h-x86_64-mingw32/bin/../lib/gcc/nios2-elf/4.9.2/../../../../../H-x86_64-mingw32/nios2-elf/lib\libc.a(lib_a-vfprintf.o)
 .rodata.blanks.4254
                0x0000000000003b96       0x10 c:/software/altera/15.1/nios2eds/bin/gnu/h-x86_64-mingw32/bin/../lib/gcc/nios2-elf/4.9.2/../../../../../H-x86_64-mingw32/nios2-elf/lib\libc.a(lib_a-vfprintf.o)
 *fill*         0x0000000000003ba6        0x2 
 .rodata.str1.4
                0x0000000000003ba8       0x10 c:/software/altera/15.1/nios2eds/bin/gnu/h-x86_64-mingw32/bin/../lib/gcc/nios2-elf/4.9.2/../../../../../H-x86_64-mingw32/nios2-elf/lib\libc.a(lib_a-dtoa.o)
                                         0x14 (size before relaxing)
 .rodata.str1.4
                0x0000000000003bb8        0xa c:/software/altera/15.1/nios2eds/bin/gnu/h-x86_64-mingw32/bin/../lib/gcc/nios2-elf/4.9.2/../../../../../H-x86_64-mingw32/nios2-elf/lib\libc.a(lib_a-locale.o)
                                         0x14 (size before relaxing)
 *fill*         0x0000000000003bc2        0x2 
 .rodata.p05.2710
                0x0000000000003bc4        0xc c:/software/altera/15.1/nios2eds/bin/gnu/h-x86_64-mingw32/bin/../lib/gcc/nios2-elf/4.9.2/../../../../../H-x86_64-mingw32/nios2-elf/lib\libc.a(lib_a-mprec.o)
 .rodata.__mprec_tinytens
                0x0000000000003bd0       0x28 c:/software/altera/15.1/nios2eds/bin/gnu/h-x86_64-mingw32/bin/../lib/gcc/nios2-elf/4.9.2/../../../../../H-x86_64-mingw32/nios2-elf/lib\libc.a(lib_a-mprec.o)
                0x0000000000003bd0                __mprec_tinytens
 .rodata.__mprec_bigtens
                0x0000000000003bf8       0x28 c:/software/altera/15.1/nios2eds/bin/gnu/h-x86_64-mingw32/bin/../lib/gcc/nios2-elf/4.9.2/../../../../../H-x86_64-mingw32/nios2-elf/lib\libc.a(lib_a-mprec.o)
                0x0000000000003bf8                __mprec_bigtens
 .rodata.__mprec_tens
                0x0000000000003c20       0xc8 c:/software/altera/15.1/nios2eds/bin/gnu/h-x86_64-mingw32/bin/../lib/gcc/nios2-elf/4.9.2/../../../../../H-x86_64-mingw32/nios2-elf/lib\libc.a(lib_a-mprec.o)
                0x0000000000003c20                __mprec_tens
 .rodata.str1.4
                0x0000000000000000       0x30 c:/software/altera/15.1/nios2eds/bin/gnu/h-x86_64-mingw32/bin/../lib/gcc/nios2-elf/4.9.2/../../../../../H-x86_64-mingw32/nios2-elf/lib\libc.a(lib_a-svfiprintf.o)
 .rodata.zeroes.4184
                0x0000000000003ce8       0x10 c:/software/altera/15.1/nios2eds/bin/gnu/h-x86_64-mingw32/bin/../lib/gcc/nios2-elf/4.9.2/../../../../../H-x86_64-mingw32/nios2-elf/lib\libc.a(lib_a-svfiprintf.o)
 .rodata.blanks.4183
                0x0000000000003cf8       0x10 c:/software/altera/15.1/nios2eds/bin/gnu/h-x86_64-mingw32/bin/../lib/gcc/nios2-elf/4.9.2/../../../../../H-x86_64-mingw32/nios2-elf/lib\libc.a(lib_a-svfiprintf.o)
 .rodata.str1.4
                0x0000000000000000       0x30 c:/software/altera/15.1/nios2eds/bin/gnu/h-x86_64-mingw32/bin/../lib/gcc/nios2-elf/4.9.2/../../../../../H-x86_64-mingw32/nios2-elf/lib\libc.a(lib_a-vfiprintf.o)
 .rodata.zeroes.4200
                0x0000000000003d08       0x10 c:/software/altera/15.1/nios2eds/bin/gnu/h-x86_64-mingw32/bin/../lib/gcc/nios2-elf/4.9.2/../../../../../H-x86_64-mingw32/nios2-elf/lib\libc.a(lib_a-vfiprintf.o)
 .rodata.blanks.4199
                0x0000000000003d18       0x10 c:/software/altera/15.1/nios2eds/bin/gnu/h-x86_64-mingw32/bin/../lib/gcc/nios2-elf/4.9.2/../../../../../H-x86_64-mingw32/nios2-elf/lib\libc.a(lib_a-vfiprintf.o)
 .rodata.str1.4
                0x0000000000003d28        0xa ../lab3_cpu0_bsp/\libhal_bsp.a(alt_dev.o)
                                          0xc (size before relaxing)
 *fill*         0x0000000000003d32        0x2 
 .rodata.str1.4
                0x0000000000003d34       0x11 ../lab3_cpu0_bsp/\libhal_bsp.a(alt_main.o)
                                         0x14 (size before relaxing)
 *fill*         0x0000000000003d45        0x3 
 .rodata.str1.4
                0x0000000000003d48       0x18 ../lab3_cpu0_bsp/\libhal_bsp.a(alt_sys_init.o)
                                         0x98 (size before relaxing)
 .rodata.str1.4
                0x0000000000003d60      0x1d0 ../lab3_cpu0_bsp/\libhal_bsp.a(altera_msgdma.o)
 *(.rodata1)
                0x0000000000003f30                . = ALIGN (0x4)
                0x0000000000003f30                PROVIDE (__ram_rodata_end, ABSOLUTE (.))
                0x000000002109e318                PROVIDE (__flash_rodata_start, LOADADDR (.rodata))

.rwdata         0x0000000000003f30     0x1ec8 load address 0x00000000210a2248
                0x0000000000003f30                PROVIDE (__ram_rwdata_start, ABSOLUTE (.))
                0x0000000000003f30                . = ALIGN (0x4)
 *(.got.plt)
 *(.got)
 *(.data1)
 *(.data .data.* .gnu.linkonce.d.*)
 .data          0x0000000000003f30        0x0 ../lab3_cpu0_bsp//obj/HAL/src/crt0.o
 .data          0x0000000000003f30      0x200 obj/default/common/tables.o
                0x0000000000003f30                zigzag_table
                0x0000000000004030                Cquant
                0x00000000000040b0                Yquant
 .data          0x0000000000004130        0x0 obj/default/common/util.o
 .data          0x0000000000004130        0x0 obj/default/decoder/idct.o
 .data          0x0000000000004130        0x0 obj/default/decoder/lossless_decode.o
 .data          0x0000000000004130        0x0 obj/default/decoder/mjpeg423_decoder.o
 .data          0x0000000000004130        0x0 obj/default/decoder/ycbcr_to_rgb.o
 .data          0x0000000000004130        0x0 obj/default/ece423_sd/FatFileSystem.o
 .data          0x0000000000004130        0x0 obj/default/ece423_sd/FatInternal.o
 .data          0x0000000000004130        0x0 obj/default/ece423_sd/debug.o
 .data          0x0000000000004130        0x0 obj/default/ece423_sd/mmc.o
 .data          0x0000000000004130        0x0 obj/default/ece423_sd/ocsdc.o
 .data          0x0000000000004130        0x0 obj/default/ece423_sd/sd_lib.o
 .data          0x0000000000004130        0x0 obj/default/ece423_vid_ctl/ece423_vid_ctl.o
 .data          0x0000000000004130        0x0 obj/default/ece423_vid_ctl/font.o
 .data          0x0000000000004130        0x0 obj/default/ece423_vid_ctl/heatshrink/heatshrink.o
 .data          0x0000000000004130        0x0 obj/default/ece423_vid_ctl/heatshrink/heatshrink_decoder.o
 .data          0x0000000000004130        0x0 obj/default/ece423_vid_ctl/i2c.o
 .data          0x0000000000004130        0x0 obj/default/ece423_vid_ctl/uw_logo.o
 .data          0x0000000000004130        0x0 obj/default/main.o
 .data          0x0000000000004130        0x0 c:/software/altera/15.1/nios2eds/bin/gnu/h-x86_64-mingw32/bin/../lib/gcc/nios2-elf/4.9.2\libgcc.a(_fixunsdfsi.o)
 .data          0x0000000000004130        0x0 c:/software/altera/15.1/nios2eds/bin/gnu/h-x86_64-mingw32/bin/../lib/gcc/nios2-elf/4.9.2\libgcc.a(divsf3.o)
 .data          0x0000000000004130        0x0 c:/software/altera/15.1/nios2eds/bin/gnu/h-x86_64-mingw32/bin/../lib/gcc/nios2-elf/4.9.2\libgcc.a(mulsf3.o)
 .data          0x0000000000004130        0x0 c:/software/altera/15.1/nios2eds/bin/gnu/h-x86_64-mingw32/bin/../lib/gcc/nios2-elf/4.9.2\libgcc.a(floatunsisf.o)
 .data          0x0000000000004130        0x0 c:/software/altera/15.1/nios2eds/bin/gnu/h-x86_64-mingw32/bin/../lib/gcc/nios2-elf/4.9.2\libgcc.a(adddf3.o)
 .data          0x0000000000004130        0x0 c:/software/altera/15.1/nios2eds/bin/gnu/h-x86_64-mingw32/bin/../lib/gcc/nios2-elf/4.9.2\libgcc.a(divdf3.o)
 .data          0x0000000000004130        0x0 c:/software/altera/15.1/nios2eds/bin/gnu/h-x86_64-mingw32/bin/../lib/gcc/nios2-elf/4.9.2\libgcc.a(gedf2.o)
 .data          0x0000000000004130        0x0 c:/software/altera/15.1/nios2eds/bin/gnu/h-x86_64-mingw32/bin/../lib/gcc/nios2-elf/4.9.2\libgcc.a(muldf3.o)
 .data          0x0000000000004130        0x0 c:/software/altera/15.1/nios2eds/bin/gnu/h-x86_64-mingw32/bin/../lib/gcc/nios2-elf/4.9.2\libgcc.a(subdf3.o)
 .data          0x0000000000004130        0x0 c:/software/altera/15.1/nios2eds/bin/gnu/h-x86_64-mingw32/bin/../lib/gcc/nios2-elf/4.9.2\libgcc.a(fixdfsi.o)
 .data          0x0000000000004130        0x0 c:/software/altera/15.1/nios2eds/bin/gnu/h-x86_64-mingw32/bin/../lib/gcc/nios2-elf/4.9.2\libgcc.a(floatsidf.o)
 .data          0x0000000000004130        0x0 c:/software/altera/15.1/nios2eds/bin/gnu/h-x86_64-mingw32/bin/../lib/gcc/nios2-elf/4.9.2\libgcc.a(floatunsidf.o)
 .data          0x0000000000004130        0x0 c:/software/altera/15.1/nios2eds/bin/gnu/h-x86_64-mingw32/bin/../lib/gcc/nios2-elf/4.9.2\libgcc.a(extendsfdf2.o)
 .data          0x0000000000004130        0x0 c:/software/altera/15.1/nios2eds/bin/gnu/h-x86_64-mingw32/bin/../lib/gcc/nios2-elf/4.9.2\libgcc.a(truncdfsf2.o)
 .data          0x0000000000004130        0x0 c:/software/altera/15.1/nios2eds/bin/gnu/h-x86_64-mingw32/bin/../lib/gcc/nios2-elf/4.9.2\libgcc.a(_clzsi2.o)
 .data          0x0000000000004130        0x0 c:/software/altera/15.1/nios2eds/bin/gnu/h-x86_64-mingw32/bin/../lib/gcc/nios2-elf/4.9.2\libgcc.a(lib2-divmod.o)
 .data          0x0000000000004130        0x0 c:/software/altera/15.1/nios2eds/bin/gnu/h-x86_64-mingw32/bin/../lib/gcc/nios2-elf/4.9.2\libgcc.a(_clz.o)
 .data          0x0000000000004130        0x0 c:/software/altera/15.1/nios2eds/bin/gnu/h-x86_64-mingw32/bin/../lib/gcc/nios2-elf/4.9.2/../../../../../H-x86_64-mingw32/nios2-elf/lib\libc.a(lib_a-exit.o)
 .data          0x0000000000004130        0x0 c:/software/altera/15.1/nios2eds/bin/gnu/h-x86_64-mingw32/bin/../lib/gcc/nios2-elf/4.9.2/../../../../../H-x86_64-mingw32/nios2-elf/lib\libc.a(lib_a-fprintf.o)
 .data          0x0000000000004130        0x0 c:/software/altera/15.1/nios2eds/bin/gnu/h-x86_64-mingw32/bin/../lib/gcc/nios2-elf/4.9.2/../../../../../H-x86_64-mingw32/nios2-elf/lib\libc.a(lib_a-fwrite.o)
 .data          0x0000000000004130        0x0 c:/software/altera/15.1/nios2eds/bin/gnu/h-x86_64-mingw32/bin/../lib/gcc/nios2-elf/4.9.2/../../../../../H-x86_64-mingw32/nios2-elf/lib\libc.a(lib_a-impure.o)
 .data.impure_data
                0x0000000000004130      0x424 c:/software/altera/15.1/nios2eds/bin/gnu/h-x86_64-mingw32/bin/../lib/gcc/nios2-elf/4.9.2/../../../../../H-x86_64-mingw32/nios2-elf/lib\libc.a(lib_a-impure.o)
 .data          0x0000000000004554        0x0 c:/software/altera/15.1/nios2eds/bin/gnu/h-x86_64-mingw32/bin/../lib/gcc/nios2-elf/4.9.2/../../../../../H-x86_64-mingw32/nios2-elf/lib\libc.a(lib_a-malign.o)
 .data          0x0000000000004554        0x0 c:/software/altera/15.1/nios2eds/bin/gnu/h-x86_64-mingw32/bin/../lib/gcc/nios2-elf/4.9.2/../../../../../H-x86_64-mingw32/nios2-elf/lib\libc.a(lib_a-malignr.o)
 .data          0x0000000000004554        0x0 c:/software/altera/15.1/nios2eds/bin/gnu/h-x86_64-mingw32/bin/../lib/gcc/nios2-elf/4.9.2/../../../../../H-x86_64-mingw32/nios2-elf/lib\libc.a(lib_a-malloc.o)
 .data          0x0000000000004554        0x0 c:/software/altera/15.1/nios2eds/bin/gnu/h-x86_64-mingw32/bin/../lib/gcc/nios2-elf/4.9.2/../../../../../H-x86_64-mingw32/nios2-elf/lib\libc.a(lib_a-mallocr.o)
 .data.__malloc_av_
                0x0000000000004554      0x408 c:/software/altera/15.1/nios2eds/bin/gnu/h-x86_64-mingw32/bin/../lib/gcc/nios2-elf/4.9.2/../../../../../H-x86_64-mingw32/nios2-elf/lib\libc.a(lib_a-mallocr.o)
                0x0000000000004554                __malloc_av_